---
source: crates/pipeline/src/stages/carrier.rs
assertion_line: 7064
expression: folded
---
<https://blackcatinformatics.ca/logic/relational-core/body/1a67bc5155af6e28f9181544c2e399adec83df4e103827f3ca6381e5f89513e1> <http://www.w3.org/1999/02/22-rdf-syntax-ns#type> <https://blackcatinformatics.ca/logic/RelationalCoreAtom> .
<https://blackcatinformatics.ca/logic/relational-core/body/1a67bc5155af6e28f9181544c2e399adec83df4e103827f3ca6381e5f89513e1> <https://blackcatinformatics.ca/logic/rcIndex> "1"^^<http://www.w3.org/2001/XMLSchema#integer> .
<https://blackcatinformatics.ca/logic/relational-core/body/1a67bc5155af6e28f9181544c2e399adec83df4e103827f3ca6381e5f89513e1> <https://blackcatinformatics.ca/logic/rcNegated> "false"^^<http://www.w3.org/2001/XMLSchema#boolean> .
<https://blackcatinformatics.ca/logic/relational-core/body/1a67bc5155af6e28f9181544c2e399adec83df4e103827f3ca6381e5f89513e1> <https://blackcatinformatics.ca/logic/rcObject> <https://blackcatinformatics.ca/logic/relational-core/term/778d0c3fea4ba0be35430cd972d8474a2c66bb9f8cc97bddcdc126b5d05f8e26> .
<https://blackcatinformatics.ca/logic/relational-core/body/1a67bc5155af6e28f9181544c2e399adec83df4e103827f3ca6381e5f89513e1> <https://blackcatinformatics.ca/logic/rcPredicate> <http://www.w3.org/2000/01/rdf-schema#subClassOf> .
<https://blackcatinformatics.ca/logic/relational-core/body/1a67bc5155af6e28f9181544c2e399adec83df4e103827f3ca6381e5f89513e1> <https://blackcatinformatics.ca/logic/rcSubject> <https://blackcatinformatics.ca/logic/relational-core/term/8c4bc82c7246672c2fc1551310520a23769c0349d16ab38d1e5c022c16048f7f> .
<https://blackcatinformatics.ca/logic/relational-core/body/98986427d5fc96d2d3270598afa82aa17de9fa11b6ea0667c61dd13938ed56c5> <http://www.w3.org/1999/02/22-rdf-syntax-ns#type> <https://blackcatinformatics.ca/logic/RelationalCoreAtom> .
<https://blackcatinformatics.ca/logic/relational-core/body/98986427d5fc96d2d3270598afa82aa17de9fa11b6ea0667c61dd13938ed56c5> <https://blackcatinformatics.ca/logic/rcIndex> "0"^^<http://www.w3.org/2001/XMLSchema#integer> .
<https://blackcatinformatics.ca/logic/relational-core/body/98986427d5fc96d2d3270598afa82aa17de9fa11b6ea0667c61dd13938ed56c5> <https://blackcatinformatics.ca/logic/rcNegated> "false"^^<http://www.w3.org/2001/XMLSchema#boolean> .
<https://blackcatinformatics.ca/logic/relational-core/body/98986427d5fc96d2d3270598afa82aa17de9fa11b6ea0667c61dd13938ed56c5> <https://blackcatinformatics.ca/logic/rcObject> <https://blackcatinformatics.ca/logic/relational-core/term/8c4bc82c7246672c2fc1551310520a23769c0349d16ab38d1e5c022c16048f7f> .
<https://blackcatinformatics.ca/logic/relational-core/body/98986427d5fc96d2d3270598afa82aa17de9fa11b6ea0667c61dd13938ed56c5> <https://blackcatinformatics.ca/logic/rcPredicate> <http://www.w3.org/2000/01/rdf-schema#subClassOf> .
<https://blackcatinformatics.ca/logic/relational-core/body/98986427d5fc96d2d3270598afa82aa17de9fa11b6ea0667c61dd13938ed56c5> <https://blackcatinformatics.ca/logic/rcSubject> <https://blackcatinformatics.ca/logic/relational-core/term/cd026c2fe31edf884db054f97de4173bc928a266017f01f8c9878ddfc38254be> .
<https://blackcatinformatics.ca/logic/relational-core/fact/37dd940d6e2fcdeab027380fbc5e16c0527dab37ba8b6334a9195a49e5caf1f4> <http://www.w3.org/1999/02/22-rdf-syntax-ns#type> <https://blackcatinformatics.ca/logic/RelationalCoreFact> .
<https://blackcatinformatics.ca/logic/relational-core/fact/37dd940d6e2fcdeab027380fbc5e16c0527dab37ba8b6334a9195a49e5caf1f4> <https://blackcatinformatics.ca/logic/rcNegated> "false"^^<http://www.w3.org/2001/XMLSchema#boolean> .
<https://blackcatinformatics.ca/logic/relational-core/fact/37dd940d6e2fcdeab027380fbc5e16c0527dab37ba8b6334a9195a49e5caf1f4> <https://blackcatinformatics.ca/logic/rcObject> <https://blackcatinformatics.ca/logic/relational-core/term/03063e7978ad519c4f0f8739f8a5cdc3648600d7e4e7f33ac2f94a51d0a88b66> .
<https://blackcatinformatics.ca/logic/relational-core/fact/37dd940d6e2fcdeab027380fbc5e16c0527dab37ba8b6334a9195a49e5caf1f4> <https://blackcatinformatics.ca/logic/rcPredicate> <http://www.w3.org/2000/01/rdf-schema#subClassOf> .
<https://blackcatinformatics.ca/logic/relational-core/fact/37dd940d6e2fcdeab027380fbc5e16c0527dab37ba8b6334a9195a49e5caf1f4> <https://blackcatinformatics.ca/logic/rcSubject> <https://blackcatinformatics.ca/logic/relational-core/term/a7aec905f844add2df7343ff9f8a49bac13afc30923520790d49b22c3f0bcff4> .
<https://blackcatinformatics.ca/logic/relational-core/head/53b3bd2d6ef06ec8f1b7e5e9c300541a3c6815ff62645931222c30e3dc37baeb> <http://www.w3.org/1999/02/22-rdf-syntax-ns#type> <https://blackcatinformatics.ca/logic/RelationalCoreAtom> .
<https://blackcatinformatics.ca/logic/relational-core/head/53b3bd2d6ef06ec8f1b7e5e9c300541a3c6815ff62645931222c30e3dc37baeb> <https://blackcatinformatics.ca/logic/rcNegated> "false"^^<http://www.w3.org/2001/XMLSchema#boolean> .
<https://blackcatinformatics.ca/logic/relational-core/head/53b3bd2d6ef06ec8f1b7e5e9c300541a3c6815ff62645931222c30e3dc37baeb> <https://blackcatinformatics.ca/logic/rcObject> <https://blackcatinformatics.ca/logic/relational-core/term/778d0c3fea4ba0be35430cd972d8474a2c66bb9f8cc97bddcdc126b5d05f8e26> .
<https://blackcatinformatics.ca/logic/relational-core/head/53b3bd2d6ef06ec8f1b7e5e9c300541a3c6815ff62645931222c30e3dc37baeb> <https://blackcatinformatics.ca/logic/rcPredicate> <http://www.w3.org/2000/01/rdf-schema#subClassOf> .
<https://blackcatinformatics.ca/logic/relational-core/head/53b3bd2d6ef06ec8f1b7e5e9c300541a3c6815ff62645931222c30e3dc37baeb> <https://blackcatinformatics.ca/logic/rcSubject> <https://blackcatinformatics.ca/logic/relational-core/term/cd026c2fe31edf884db054f97de4173bc928a266017f01f8c9878ddfc38254be> .
<https://blackcatinformatics.ca/logic/relational-core/program> <http://www.w3.org/1999/02/22-rdf-syntax-ns#type> <https://blackcatinformatics.ca/logic/RelationalCoreProgram> .
<https://blackcatinformatics.ca/logic/relational-core/program> <https://blackcatinformatics.ca/logic/hasFact> <https://blackcatinformatics.ca/logic/relational-core/fact/37dd940d6e2fcdeab027380fbc5e16c0527dab37ba8b6334a9195a49e5caf1f4> .
<https://blackcatinformatics.ca/logic/relational-core/program> <https://blackcatinformatics.ca/logic/hasPreservation> <https://blackcatinformatics.ca/logic/ExactPreservation> .
<https://blackcatinformatics.ca/logic/relational-core/program> <https://blackcatinformatics.ca/logic/hasRule> <https://blackcatinformatics.ca/logic/relational-core/rule/f97ceda905ff9b83d869633d227f3a6491c4b0884f9a32a6a0765187c0426b8d> .
<https://blackcatinformatics.ca/logic/relational-core/rule/f97ceda905ff9b83d869633d227f3a6491c4b0884f9a32a6a0765187c0426b8d> <http://www.w3.org/1999/02/22-rdf-syntax-ns#type> <https://blackcatinformatics.ca/logic/RelationalCoreRule> .
<https://blackcatinformatics.ca/logic/relational-core/rule/f97ceda905ff9b83d869633d227f3a6491c4b0884f9a32a6a0765187c0426b8d> <https://blackcatinformatics.ca/logic/rcBody> <https://blackcatinformatics.ca/logic/relational-core/body/1a67bc5155af6e28f9181544c2e399adec83df4e103827f3ca6381e5f89513e1> .
<https://blackcatinformatics.ca/logic/relational-core/rule/f97ceda905ff9b83d869633d227f3a6491c4b0884f9a32a6a0765187c0426b8d> <https://blackcatinformatics.ca/logic/rcBody> <https://blackcatinformatics.ca/logic/relational-core/body/98986427d5fc96d2d3270598afa82aa17de9fa11b6ea0667c61dd13938ed56c5> .
<https://blackcatinformatics.ca/logic/relational-core/rule/f97ceda905ff9b83d869633d227f3a6491c4b0884f9a32a6a0765187c0426b8d> <https://blackcatinformatics.ca/logic/rcHead> <https://blackcatinformatics.ca/logic/relational-core/head/53b3bd2d6ef06ec8f1b7e5e9c300541a3c6815ff62645931222c30e3dc37baeb> .
<https://blackcatinformatics.ca/logic/relational-core/term/03063e7978ad519c4f0f8739f8a5cdc3648600d7e4e7f33ac2f94a51d0a88b66> <http://www.w3.org/1999/02/22-rdf-syntax-ns#type> <https://blackcatinformatics.ca/logic/RelationalCoreTerm> .
<https://blackcatinformatics.ca/logic/relational-core/term/03063e7978ad519c4f0f8739f8a5cdc3648600d7e4e7f33ac2f94a51d0a88b66> <https://blackcatinformatics.ca/logic/rcIri> <https://blackcatinformatics.ca/gmeow/Animal> .
<https://blackcatinformatics.ca/logic/relational-core/term/778d0c3fea4ba0be35430cd972d8474a2c66bb9f8cc97bddcdc126b5d05f8e26> <http://www.w3.org/1999/02/22-rdf-syntax-ns#type> <https://blackcatinformatics.ca/logic/RelationalCoreTerm> .
<https://blackcatinformatics.ca/logic/relational-core/term/778d0c3fea4ba0be35430cd972d8474a2c66bb9f8cc97bddcdc126b5d05f8e26> <https://blackcatinformatics.ca/logic/rcVariable> "?z" .
<https://blackcatinformatics.ca/logic/relational-core/term/8c4bc82c7246672c2fc1551310520a23769c0349d16ab38d1e5c022c16048f7f> <http://www.w3.org/1999/02/22-rdf-syntax-ns#type> <https://blackcatinformatics.ca/logic/RelationalCoreTerm> .
<https://blackcatinformatics.ca/logic/relational-core/term/8c4bc82c7246672c2fc1551310520a23769c0349d16ab38d1e5c022c16048f7f> <https://blackcatinformatics.ca/logic/rcVariable> "?y" .
<https://blackcatinformatics.ca/logic/relational-core/term/a7aec905f844add2df7343ff9f8a49bac13afc30923520790d49b22c3f0bcff4> <http://www.w3.org/1999/02/22-rdf-syntax-ns#type> <https://blackcatinformatics.ca/logic/RelationalCoreTerm> .
<https://blackcatinformatics.ca/logic/relational-core/term/a7aec905f844add2df7343ff9f8a49bac13afc30923520790d49b22c3f0bcff4> <https://blackcatinformatics.ca/logic/rcIri> <https://blackcatinformatics.ca/gmeow/Cat> .
<https://blackcatinformatics.ca/logic/relational-core/term/cd026c2fe31edf884db054f97de4173bc928a266017f01f8c9878ddfc38254be> <http://www.w3.org/1999/02/22-rdf-syntax-ns#type> <https://blackcatinformatics.ca/logic/RelationalCoreTerm> .
<https://blackcatinformatics.ca/logic/relational-core/term/cd026c2fe31edf884db054f97de4173bc928a266017f01f8c9878ddfc38254be> <https://blackcatinformatics.ca/logic/rcVariable> "?x" .
