---
source: crates/docs/tests/lint_regression.rs
expression: coverage
---
{
  "docs/missing-annotation-coat": 3122,
  "docs/missing-competency-rationale": 4511,
  "docs/missing-definition": 1,
  "docs/missing-example": 3099,
  "docs/missing-fixture-pair": 4559,
  "docs/missing-label": 1,
  "docs/missing-prose-quality": 4689,
  "docs/missing-realized-state": 78,
  "docs/missing-scope-note": 4611,
  "docs/missing-test-reach": 4234,
  "docs/missing-translation-coverage": 4680,
  "docs/missing-usage-advice": 3116,
  "docs/missing-worked-instance": 4179
}
