---
source: crates/docs/tests/mdbook_render.rs
expression: head
---
# Summary

[GMEOW Ontology Documentation](index.md)

- [Getting started](getting-started/index.md)
- [About](about/index.md)
- [Documentation health](health/index.md)
- [Changelog](changelog/index.md)
- [Slices](slices/index.md)
  - [GMEOW Accessibility Module](slices/accessibility/index.md)
  - [GMEOW Accounts Module](slices/accounts/index.md)
  - [GMEOW Affect Module](slices/affect/index.md)
  - [GMEOW Agent-Runtime Profile](slices/agent-runtime/index.md)
  - [GMEOW Agentic Module](slices/agentic/index.md)
  - [GMEOW Spatial Aggregation Module](slices/aggregation/index.md)
  - [GMEOW Agreements Module](slices/agreements/index.md)
  - [GMEOW AI Claim Module](slices/ai/index.md)
  - [GMEOW Archaeological Evidence Module](slices/archaeological-evidence/index.md)
  - [GMEOW Attestation Module](slices/attestation/index.md)
  - [GMEOW Awareness Module](slices/awareness/index.md)
  - [GMEOW Calendar and Scheduling Module](slices/calendar/index.md)
  - [GMEOW Citations Module](slices/citations/index.md)
  - [GMEOW Cognition Module](slices/cognition/index.md)
  - [GMEOW Concepts Module](slices/concepts/index.md)
  - [GMEOW Connectivity Module](slices/connectivity/index.md)
  - [GMEOW Contacts Module](slices/contacts/index.md)
  - [GMEOW Coreference Module](slices/coreference/index.md)
  - [GMEOW Creative Works Module](slices/creative-works/index.md)
  - [GMEOW Deception Module](slices/deception/index.md)
  - [GMEOW Diagnostics Module](slices/diagnostics/index.md)
  - [GMEOW Documentation Module](slices/documentation/index.md)
  - [GMEOW Documents Module](slices/documents/index.md)
  - [GMEOW Dreaming Module](slices/dreaming/index.md)
  - [GMEOW Email Module](slices/email/index.md)
  - [GMEOW Embedding Projection Module](slices/embedding-projection/index.md)
  - [GMEOW Employment Module](slices/employment/index.md)
  - [GMEOW Entities Module](slices/entities/index.md)
  - [GMEOW Epistemics Module](slices/epistemics/index.md)
  - [GMEOW Events Module](slices/events/index.md)
  - [GMEOW Evidence Module](slices/evidence/index.md)
