---
source: crates/docs/tests/rdf_golden.rs
expression: nq
---
<https://blackcatinformatics.ca/gmeow/documentation/term/cat> <http://www.w3.org/1999/02/22-rdf-syntax-ns#type> <https://blackcatinformatics.ca/gmeow/DocumentedTerm> <https://blackcatinformatics.ca/gmeow/graph/documentation> .
<https://blackcatinformatics.ca/gmeow/documentation/term/cat> <https://blackcatinformatics.ca/gmeow/documents> <https://blackcatinformatics.ca/gmeow/Cat> <https://blackcatinformatics.ca/gmeow/graph/documentation> .
<https://blackcatinformatics.ca/gmeow/documentation/term/cat> <https://blackcatinformatics.ca/gmeow/docCategory> "Class" <https://blackcatinformatics.ca/gmeow/graph/documentation> .
<https://blackcatinformatics.ca/gmeow/documentation/term/cat> <https://blackcatinformatics.ca/gmeow/docHasDefinition> "true"^^<http://www.w3.org/2001/XMLSchema#boolean> <https://blackcatinformatics.ca/gmeow/graph/documentation> .
<https://blackcatinformatics.ca/gmeow/documentation/term/cat> <https://blackcatinformatics.ca/gmeow/docUrl> "terms/cat/index.html" <https://blackcatinformatics.ca/gmeow/graph/documentation> .
<https://blackcatinformatics.ca/gmeow/documentation/term/cat> <https://blackcatinformatics.ca/gmeow/docOwnerSlice> <https://blackcatinformatics.ca/gmeow/slice/zoo> <https://blackcatinformatics.ca/gmeow/graph/documentation> .
<https://blackcatinformatics.ca/gmeow/documentation/term/cat> <http://www.w3.org/2000/01/rdf-schema#label> "Documentation entry: gmeow:Cat" <https://blackcatinformatics.ca/gmeow/graph/documentation> .
<https://blackcatinformatics.ca/gmeow/documentation/term/cat> <http://www.w3.org/2004/02/skos/core#definition> "Documentation projection for https://blackcatinformatics.ca/gmeow/Cat (Class)." <https://blackcatinformatics.ca/gmeow/graph/documentation> .
<https://blackcatinformatics.ca/gmeow/documentation/term/cat> <http://www.w3.org/2000/01/rdf-schema#isDefinedBy> <https://blackcatinformatics.ca/gmeow/graph/documentation> <https://blackcatinformatics.ca/gmeow/graph/documentation> .
<https://blackcatinformatics.ca/gmeow/documentation/term/cat> <https://blackcatinformatics.ca/gmeow/graphBoxRole> <https://blackcatinformatics.ca/gmeow/boxABox> <https://blackcatinformatics.ca/gmeow/graph/documentation> .
<https://blackcatinformatics.ca/gmeow/documentation/term/hasowner> <http://www.w3.org/1999/02/22-rdf-syntax-ns#type> <https://blackcatinformatics.ca/gmeow/DocumentedTerm> <https://blackcatinformatics.ca/gmeow/graph/documentation> .
<https://blackcatinformatics.ca/gmeow/documentation/term/hasowner> <https://blackcatinformatics.ca/gmeow/documents> <https://blackcatinformatics.ca/gmeow/hasOwner> <https://blackcatinformatics.ca/gmeow/graph/documentation> .
<https://blackcatinformatics.ca/gmeow/documentation/term/hasowner> <https://blackcatinformatics.ca/gmeow/docCategory> "Property" <https://blackcatinformatics.ca/gmeow/graph/documentation> .
<https://blackcatinformatics.ca/gmeow/documentation/term/hasowner> <https://blackcatinformatics.ca/gmeow/docHasDefinition> "false"^^<http://www.w3.org/2001/XMLSchema#boolean> <https://blackcatinformatics.ca/gmeow/graph/documentation> .
<https://blackcatinformatics.ca/gmeow/documentation/term/hasowner> <https://blackcatinformatics.ca/gmeow/docUrl> "terms/hasowner/index.html" <https://blackcatinformatics.ca/gmeow/graph/documentation> .
<https://blackcatinformatics.ca/gmeow/documentation/term/hasowner> <https://blackcatinformatics.ca/gmeow/docOwnerSlice> <https://blackcatinformatics.ca/gmeow/slice/zoo> <https://blackcatinformatics.ca/gmeow/graph/documentation> .
<https://blackcatinformatics.ca/gmeow/documentation/term/hasowner> <http://www.w3.org/2000/01/rdf-schema#label> "Documentation entry: gmeow:hasOwner" <https://blackcatinformatics.ca/gmeow/graph/documentation> .
<https://blackcatinformatics.ca/gmeow/documentation/term/hasowner> <http://www.w3.org/2004/02/skos/core#definition> "Documentation projection for https://blackcatinformatics.ca/gmeow/hasOwner (Property)." <https://blackcatinformatics.ca/gmeow/graph/documentation> .
<https://blackcatinformatics.ca/gmeow/documentation/term/hasowner> <http://www.w3.org/2000/01/rdf-schema#isDefinedBy> <https://blackcatinformatics.ca/gmeow/graph/documentation> <https://blackcatinformatics.ca/gmeow/graph/documentation> .
<https://blackcatinformatics.ca/gmeow/documentation/term/hasowner> <https://blackcatinformatics.ca/gmeow/graphBoxRole> <https://blackcatinformatics.ca/gmeow/boxABox> <https://blackcatinformatics.ca/gmeow/graph/documentation> .
<https://blackcatinformatics.ca/gmeow/documentation/slice/zoo> <http://www.w3.org/1999/02/22-rdf-syntax-ns#type> <https://blackcatinformatics.ca/gmeow/DocumentedSlice> <https://blackcatinformatics.ca/gmeow/graph/documentation> .
<https://blackcatinformatics.ca/gmeow/documentation/slice/zoo> <https://blackcatinformatics.ca/gmeow/documents> <https://blackcatinformatics.ca/gmeow/slice/zoo> <https://blackcatinformatics.ca/gmeow/graph/documentation> .
<https://blackcatinformatics.ca/gmeow/documentation/slice/zoo> <https://blackcatinformatics.ca/gmeow/docUrl> "slices/zoo/index.html" <https://blackcatinformatics.ca/gmeow/graph/documentation> .
<https://blackcatinformatics.ca/gmeow/documentation/slice/zoo> <http://www.w3.org/2000/01/rdf-schema#label> "Documentation entry: slice zoo" <https://blackcatinformatics.ca/gmeow/graph/documentation> .
<https://blackcatinformatics.ca/gmeow/documentation/slice/zoo> <http://www.w3.org/2004/02/skos/core#definition> "Documentation projection for slice https://blackcatinformatics.ca/gmeow/slice/zoo." <https://blackcatinformatics.ca/gmeow/graph/documentation> .
<https://blackcatinformatics.ca/gmeow/documentation/slice/zoo> <http://www.w3.org/2000/01/rdf-schema#isDefinedBy> <https://blackcatinformatics.ca/gmeow/graph/documentation> <https://blackcatinformatics.ca/gmeow/graph/documentation> .
<https://blackcatinformatics.ca/gmeow/documentation/slice/zoo> <https://blackcatinformatics.ca/gmeow/graphBoxRole> <https://blackcatinformatics.ca/gmeow/boxABox> <https://blackcatinformatics.ca/gmeow/graph/documentation> .
<https://blackcatinformatics.ca/gmeow/documentation/concern/animals> <http://www.w3.org/1999/02/22-rdf-syntax-ns#type> <https://blackcatinformatics.ca/gmeow/DocumentedConcern> <https://blackcatinformatics.ca/gmeow/graph/documentation> .
<https://blackcatinformatics.ca/gmeow/documentation/concern/animals> <https://blackcatinformatics.ca/gmeow/documents> <https://blackcatinformatics.ca/gmeow/concern/animals> <https://blackcatinformatics.ca/gmeow/graph/documentation> .
<https://blackcatinformatics.ca/gmeow/documentation/concern/animals> <https://blackcatinformatics.ca/gmeow/docUrl> "concerns/animals/index.html" <https://blackcatinformatics.ca/gmeow/graph/documentation> .
<https://blackcatinformatics.ca/gmeow/documentation/concern/animals> <http://www.w3.org/2000/01/rdf-schema#label> "Documentation entry: concern animals" <https://blackcatinformatics.ca/gmeow/graph/documentation> .
<https://blackcatinformatics.ca/gmeow/documentation/concern/animals> <http://www.w3.org/2004/02/skos/core#definition> "Documentation projection for concern https://blackcatinformatics.ca/gmeow/concern/animals." <https://blackcatinformatics.ca/gmeow/graph/documentation> .
<https://blackcatinformatics.ca/gmeow/documentation/concern/animals> <http://www.w3.org/2000/01/rdf-schema#isDefinedBy> <https://blackcatinformatics.ca/gmeow/graph/documentation> <https://blackcatinformatics.ca/gmeow/graph/documentation> .
<https://blackcatinformatics.ca/gmeow/documentation/concern/animals> <https://blackcatinformatics.ca/gmeow/graphBoxRole> <https://blackcatinformatics.ca/gmeow/boxABox> <https://blackcatinformatics.ca/gmeow/graph/documentation> .
<https://blackcatinformatics.ca/gmeow/documentation/mapping-set/zoo-sssom> <http://www.w3.org/1999/02/22-rdf-syntax-ns#type> <https://blackcatinformatics.ca/gmeow/DocumentedMappingSet> <https://blackcatinformatics.ca/gmeow/graph/documentation> .
<https://blackcatinformatics.ca/gmeow/documentation/mapping-set/zoo-sssom> <https://blackcatinformatics.ca/gmeow/documents> <https://blackcatinformatics.ca/gmeow/mapping/zoo-sssom> <https://blackcatinformatics.ca/gmeow/graph/documentation> .
<https://blackcatinformatics.ca/gmeow/documentation/mapping-set/zoo-sssom> <https://blackcatinformatics.ca/gmeow/docUrl> "linkages/index.html" <https://blackcatinformatics.ca/gmeow/graph/documentation> .
<https://blackcatinformatics.ca/gmeow/documentation/mapping-set/zoo-sssom> <http://www.w3.org/2000/01/rdf-schema#label> "Documentation entry: mapping set zoo-sssom" <https://blackcatinformatics.ca/gmeow/graph/documentation> .
<https://blackcatinformatics.ca/gmeow/documentation/mapping-set/zoo-sssom> <http://www.w3.org/2004/02/skos/core#definition> "Documentation projection for mapping set https://blackcatinformatics.ca/gmeow/mapping/zoo-sssom." <https://blackcatinformatics.ca/gmeow/graph/documentation> .
<https://blackcatinformatics.ca/gmeow/documentation/mapping-set/zoo-sssom> <http://www.w3.org/2000/01/rdf-schema#isDefinedBy> <https://blackcatinformatics.ca/gmeow/graph/documentation> <https://blackcatinformatics.ca/gmeow/graph/documentation> .
<https://blackcatinformatics.ca/gmeow/documentation/mapping-set/zoo-sssom> <https://blackcatinformatics.ca/gmeow/graphBoxRole> <https://blackcatinformatics.ca/gmeow/boxABox> <https://blackcatinformatics.ca/gmeow/graph/documentation> .
