---
source: crates/docs/tests/rdf_golden.rs
assertion_line: 175
expression: nq
---
<https://blackcatinformatics.ca/gmeow/documentation/term/cat> <http://www.w3.org/1999/02/22-rdf-syntax-ns#type> <https://blackcatinformatics.ca/gmeow/DocumentedTerm> <https://blackcatinformatics.ca/gmeow/graph/documentation> .
<https://blackcatinformatics.ca/gmeow/documentation/term/cat> <https://blackcatinformatics.ca/gmeow/documents> <https://blackcatinformatics.ca/gmeow/Cat> <https://blackcatinformatics.ca/gmeow/graph/documentation> .
<https://blackcatinformatics.ca/gmeow/documentation/term/cat> <https://blackcatinformatics.ca/gmeow/docCategory> "Class" <https://blackcatinformatics.ca/gmeow/graph/documentation> .
<https://blackcatinformatics.ca/gmeow/documentation/term/cat> <https://blackcatinformatics.ca/gmeow/docHasDefinition> "true"^^<http://www.w3.org/2001/XMLSchema#boolean> <https://blackcatinformatics.ca/gmeow/graph/documentation> .
<https://blackcatinformatics.ca/gmeow/documentation/term/cat> <https://blackcatinformatics.ca/gmeow/docUrl> "terms/cat/index.html" <https://blackcatinformatics.ca/gmeow/graph/documentation> .
<https://blackcatinformatics.ca/gmeow/documentation/term/cat> <https://blackcatinformatics.ca/gmeow/docOwnerSlice> <https://blackcatinformatics.ca/gmeow/slice/zoo> <https://blackcatinformatics.ca/gmeow/graph/documentation> .
<https://blackcatinformatics.ca/gmeow/documentation/term/cat> <http://www.w3.org/2000/01/rdf-schema#label> "Documentation entry: gmeow:Cat"@x-gmeow-english <https://blackcatinformatics.ca/gmeow/graph/documentation> .
<https://blackcatinformatics.ca/gmeow/documentation/term/cat> <http://www.w3.org/2004/02/skos/core#definition> "Documentation projection for https://blackcatinformatics.ca/gmeow/Cat (Class)."@x-gmeow-english <https://blackcatinformatics.ca/gmeow/graph/documentation> .
<https://blackcatinformatics.ca/gmeow/documentation/term/cat> <http://www.w3.org/2000/01/rdf-schema#isDefinedBy> <https://blackcatinformatics.ca/gmeow/graph/documentation> <https://blackcatinformatics.ca/gmeow/graph/documentation> .
<https://blackcatinformatics.ca/gmeow/documentation/term/cat> <https://blackcatinformatics.ca/gmeow/graphBoxRole> <https://blackcatinformatics.ca/gmeow/boxABox> <https://blackcatinformatics.ca/gmeow/graph/documentation> .
<https://blackcatinformatics.ca/gmeow/documentation/term/cat> <https://blackcatinformatics.ca/gmeow/docSearchLabel> "Cat" <https://blackcatinformatics.ca/gmeow/graph/documentation> .
<https://blackcatinformatics.ca/gmeow/documentation/term/cat> <https://blackcatinformatics.ca/gmeow/docSearchDefinition> "A small domesticated felid." <https://blackcatinformatics.ca/gmeow/graph/documentation> .
<https://blackcatinformatics.ca/gmeow/documentation/evidence/cat/competency> <http://www.w3.org/1999/02/22-rdf-syntax-ns#type> <https://blackcatinformatics.ca/gmeow/DocEvidence> <https://blackcatinformatics.ca/gmeow/graph/documentation> .
<https://blackcatinformatics.ca/gmeow/documentation/evidence/cat/competency> <https://blackcatinformatics.ca/gmeow/docEvidenceKind> <https://blackcatinformatics.ca/gmeow/docEvidenceKindCompetency> <https://blackcatinformatics.ca/gmeow/graph/documentation> .
<https://blackcatinformatics.ca/gmeow/documentation/evidence/cat/competency> <https://blackcatinformatics.ca/gmeow/documents> <https://blackcatinformatics.ca/gmeow/Cat> <https://blackcatinformatics.ca/gmeow/graph/documentation> .
<https://blackcatinformatics.ca/gmeow/documentation/evidence/cat/competency> <https://blackcatinformatics.ca/gmeow/docClaim> "exercised by 1 competency question(s)" <https://blackcatinformatics.ca/gmeow/graph/documentation> .
<https://blackcatinformatics.ca/gmeow/documentation/evidence/cat/competency> <https://blackcatinformatics.ca/gmeow/docGroundedBy> <https://blackcatinformatics.ca/gmeow/cq/cats-are-animals> <https://blackcatinformatics.ca/gmeow/graph/documentation> .
<https://blackcatinformatics.ca/gmeow/documentation/evidence/cat/competency> <https://blackcatinformatics.ca/gmeow/docProducedByChain> "stage-docs-render <- stage-source-load" <https://blackcatinformatics.ca/gmeow/graph/documentation> .
<https://blackcatinformatics.ca/gmeow/documentation/evidence/cat/competency> <https://blackcatinformatics.ca/gmeow/docCompetencyCount> "1"^^<http://www.w3.org/2001/XMLSchema#integer> <https://blackcatinformatics.ca/gmeow/graph/documentation> .
<https://blackcatinformatics.ca/gmeow/documentation/evidence/cat/competency> <https://blackcatinformatics.ca/gmeow/docCompetencyQueryDigest> "blake3:87751c62f5672889c3bd77c0b3335fefc9cad15ad5e1d3e40b1a81b36faf4098" <https://blackcatinformatics.ca/gmeow/graph/documentation> .
<https://blackcatinformatics.ca/gmeow/documentation/evidence/cat/competency> <http://www.w3.org/2000/01/rdf-schema#label> "Doc evidence (competency): gmeow:Cat"@x-gmeow-english <https://blackcatinformatics.ca/gmeow/graph/documentation> .
<https://blackcatinformatics.ca/gmeow/documentation/evidence/cat/competency> <http://www.w3.org/2004/02/skos/core#definition> "competency documentation evidence for https://blackcatinformatics.ca/gmeow/Cat — exercised by 1 competency question(s)."@x-gmeow-english <https://blackcatinformatics.ca/gmeow/graph/documentation> .
<https://blackcatinformatics.ca/gmeow/documentation/evidence/cat/competency> <http://www.w3.org/2000/01/rdf-schema#isDefinedBy> <https://blackcatinformatics.ca/gmeow/graph/documentation> <https://blackcatinformatics.ca/gmeow/graph/documentation> .
<https://blackcatinformatics.ca/gmeow/documentation/evidence/cat/competency> <https://blackcatinformatics.ca/gmeow/graphBoxRole> <https://blackcatinformatics.ca/gmeow/boxABox> <https://blackcatinformatics.ca/gmeow/graph/documentation> .
<https://blackcatinformatics.ca/gmeow/documentation/evidence/cat/fixture> <http://www.w3.org/1999/02/22-rdf-syntax-ns#type> <https://blackcatinformatics.ca/gmeow/DocEvidence> <https://blackcatinformatics.ca/gmeow/graph/documentation> .
<https://blackcatinformatics.ca/gmeow/documentation/evidence/cat/fixture> <https://blackcatinformatics.ca/gmeow/docEvidenceKind> <https://blackcatinformatics.ca/gmeow/docEvidenceKindFixture> <https://blackcatinformatics.ca/gmeow/graph/documentation> .
<https://blackcatinformatics.ca/gmeow/documentation/evidence/cat/fixture> <https://blackcatinformatics.ca/gmeow/documents> <https://blackcatinformatics.ca/gmeow/Cat> <https://blackcatinformatics.ca/gmeow/graph/documentation> .
<https://blackcatinformatics.ca/gmeow/documentation/evidence/cat/fixture> <https://blackcatinformatics.ca/gmeow/docClaim> "has 1 conformance fixture(s)" <https://blackcatinformatics.ca/gmeow/graph/documentation> .
<https://blackcatinformatics.ca/gmeow/documentation/evidence/cat/fixture> <https://blackcatinformatics.ca/gmeow/docGroundedBy> <https://blackcatinformatics.ca/gmeow/documentation/fixture/zoo-cat-ok-ttl> <https://blackcatinformatics.ca/gmeow/graph/documentation> .
<https://blackcatinformatics.ca/gmeow/documentation/evidence/cat/fixture> <https://blackcatinformatics.ca/gmeow/docProducedByChain> "stage-docs-render <- stage-source-load" <https://blackcatinformatics.ca/gmeow/graph/documentation> .
<https://blackcatinformatics.ca/gmeow/documentation/evidence/cat/fixture> <https://blackcatinformatics.ca/gmeow/docFixtureCount> "1"^^<http://www.w3.org/2001/XMLSchema#integer> <https://blackcatinformatics.ca/gmeow/graph/documentation> .
<https://blackcatinformatics.ca/gmeow/documentation/evidence/cat/fixture> <http://www.w3.org/2000/01/rdf-schema#label> "Doc evidence (fixture): gmeow:Cat"@x-gmeow-english <https://blackcatinformatics.ca/gmeow/graph/documentation> .
<https://blackcatinformatics.ca/gmeow/documentation/evidence/cat/fixture> <http://www.w3.org/2004/02/skos/core#definition> "fixture documentation evidence for https://blackcatinformatics.ca/gmeow/Cat — has 1 conformance fixture(s)."@x-gmeow-english <https://blackcatinformatics.ca/gmeow/graph/documentation> .
<https://blackcatinformatics.ca/gmeow/documentation/evidence/cat/fixture> <http://www.w3.org/2000/01/rdf-schema#isDefinedBy> <https://blackcatinformatics.ca/gmeow/graph/documentation> <https://blackcatinformatics.ca/gmeow/graph/documentation> .
<https://blackcatinformatics.ca/gmeow/documentation/evidence/cat/fixture> <https://blackcatinformatics.ca/gmeow/graphBoxRole> <https://blackcatinformatics.ca/gmeow/boxABox> <https://blackcatinformatics.ca/gmeow/graph/documentation> .
<https://blackcatinformatics.ca/gmeow/documentation/evidence/cat/provenance> <http://www.w3.org/1999/02/22-rdf-syntax-ns#type> <https://blackcatinformatics.ca/gmeow/DocEvidence> <https://blackcatinformatics.ca/gmeow/graph/documentation> .
<https://blackcatinformatics.ca/gmeow/documentation/evidence/cat/provenance> <https://blackcatinformatics.ca/gmeow/docEvidenceKind> <https://blackcatinformatics.ca/gmeow/docEvidenceKindProvenance> <https://blackcatinformatics.ca/gmeow/graph/documentation> .
<https://blackcatinformatics.ca/gmeow/documentation/evidence/cat/provenance> <https://blackcatinformatics.ca/gmeow/documents> <https://blackcatinformatics.ca/gmeow/Cat> <https://blackcatinformatics.ca/gmeow/graph/documentation> .
<https://blackcatinformatics.ca/gmeow/documentation/evidence/cat/provenance> <https://blackcatinformatics.ca/gmeow/docClaim> "rendered by the docs build pipeline (2 stage(s))" <https://blackcatinformatics.ca/gmeow/graph/documentation> .
<https://blackcatinformatics.ca/gmeow/documentation/evidence/cat/provenance> <https://blackcatinformatics.ca/gmeow/docGroundedBy> <https://blackcatinformatics.ca/gmeow/stage-docs-render> <https://blackcatinformatics.ca/gmeow/graph/documentation> .
<https://blackcatinformatics.ca/gmeow/documentation/evidence/cat/provenance> <https://blackcatinformatics.ca/gmeow/docProducedByChain> "stage-docs-render <- stage-source-load" <https://blackcatinformatics.ca/gmeow/graph/documentation> .
<https://blackcatinformatics.ca/gmeow/documentation/evidence/cat/provenance> <https://blackcatinformatics.ca/gmeow/docProvenanceDepth> "2"^^<http://www.w3.org/2001/XMLSchema#integer> <https://blackcatinformatics.ca/gmeow/graph/documentation> .
<https://blackcatinformatics.ca/gmeow/documentation/evidence/cat/provenance> <http://www.w3.org/2000/01/rdf-schema#label> "Doc evidence (provenance): gmeow:Cat"@x-gmeow-english <https://blackcatinformatics.ca/gmeow/graph/documentation> .
<https://blackcatinformatics.ca/gmeow/documentation/evidence/cat/provenance> <http://www.w3.org/2004/02/skos/core#definition> "provenance documentation evidence for https://blackcatinformatics.ca/gmeow/Cat — rendered by the docs build pipeline (2 stage(s))."@x-gmeow-english <https://blackcatinformatics.ca/gmeow/graph/documentation> .
<https://blackcatinformatics.ca/gmeow/documentation/evidence/cat/provenance> <http://www.w3.org/2000/01/rdf-schema#isDefinedBy> <https://blackcatinformatics.ca/gmeow/graph/documentation> <https://blackcatinformatics.ca/gmeow/graph/documentation> .
<https://blackcatinformatics.ca/gmeow/documentation/evidence/cat/provenance> <https://blackcatinformatics.ca/gmeow/graphBoxRole> <https://blackcatinformatics.ca/gmeow/boxABox> <https://blackcatinformatics.ca/gmeow/graph/documentation> .
<https://blackcatinformatics.ca/gmeow/documentation/term/cat> <https://blackcatinformatics.ca/gmeow/docCoversDimension> <https://blackcatinformatics.ca/gmeow/dimDefinition> <https://blackcatinformatics.ca/gmeow/graph/documentation> .
<https://blackcatinformatics.ca/gmeow/documentation/term/cat> <https://blackcatinformatics.ca/gmeow/docCoversDimension> <https://blackcatinformatics.ca/gmeow/dimLabel> <https://blackcatinformatics.ca/gmeow/graph/documentation> .
<https://blackcatinformatics.ca/gmeow/documentation/term/cat> <https://blackcatinformatics.ca/gmeow/docMissesDimension> <https://blackcatinformatics.ca/gmeow/dimUsageAdvice> <https://blackcatinformatics.ca/gmeow/graph/documentation> .
<https://blackcatinformatics.ca/gmeow/documentation/term/cat> <https://blackcatinformatics.ca/gmeow/docMissesDimension> <https://blackcatinformatics.ca/gmeow/dimExample> <https://blackcatinformatics.ca/gmeow/graph/documentation> .
<https://blackcatinformatics.ca/gmeow/documentation/term/cat> <https://blackcatinformatics.ca/gmeow/docMissesDimension> <https://blackcatinformatics.ca/gmeow/dimScopeNote> <https://blackcatinformatics.ca/gmeow/graph/documentation> .
<https://blackcatinformatics.ca/gmeow/documentation/term/cat> <https://blackcatinformatics.ca/gmeow/docCoversDimension> <https://blackcatinformatics.ca/gmeow/dimAlignment> <https://blackcatinformatics.ca/gmeow/graph/documentation> .
<https://blackcatinformatics.ca/gmeow/documentation/term/cat> <https://blackcatinformatics.ca/gmeow/docMissesDimension> <https://blackcatinformatics.ca/gmeow/dimFixturePair> <https://blackcatinformatics.ca/gmeow/graph/documentation> .
<https://blackcatinformatics.ca/gmeow/documentation/term/cat> <https://blackcatinformatics.ca/gmeow/docCoversDimension> <https://blackcatinformatics.ca/gmeow/dimCompetencyRationale> <https://blackcatinformatics.ca/gmeow/graph/documentation> .
<https://blackcatinformatics.ca/gmeow/documentation/term/cat> <https://blackcatinformatics.ca/gmeow/docMissesDimension> <https://blackcatinformatics.ca/gmeow/dimWorkedInstance> <https://blackcatinformatics.ca/gmeow/graph/documentation> .
<https://blackcatinformatics.ca/gmeow/documentation/term/cat> <https://blackcatinformatics.ca/gmeow/docCoversDimension> <https://blackcatinformatics.ca/gmeow/dimLossLedgerRow> <https://blackcatinformatics.ca/gmeow/graph/documentation> .
<https://blackcatinformatics.ca/gmeow/documentation/term/cat> <https://blackcatinformatics.ca/gmeow/docCoversDimension> <https://blackcatinformatics.ca/gmeow/dimLinkageCoverage> <https://blackcatinformatics.ca/gmeow/graph/documentation> .
<https://blackcatinformatics.ca/gmeow/documentation/term/cat> <https://blackcatinformatics.ca/gmeow/docMissesDimension> <https://blackcatinformatics.ca/gmeow/dimAnnotationCoat> <https://blackcatinformatics.ca/gmeow/graph/documentation> .
<https://blackcatinformatics.ca/gmeow/documentation/term/cat> <https://blackcatinformatics.ca/gmeow/docCoversDimension> <https://blackcatinformatics.ca/gmeow/dimTranslationCoverage> <https://blackcatinformatics.ca/gmeow/graph/documentation> .
<https://blackcatinformatics.ca/gmeow/documentation/term/cat> <https://blackcatinformatics.ca/gmeow/docCoversDimension> <https://blackcatinformatics.ca/gmeow/dimTestReach> <https://blackcatinformatics.ca/gmeow/graph/documentation> .
<https://blackcatinformatics.ca/gmeow/documentation/term/cat> <https://blackcatinformatics.ca/gmeow/docCoversDimension> <https://blackcatinformatics.ca/gmeow/dimProvenanceHonesty> <https://blackcatinformatics.ca/gmeow/graph/documentation> .
<https://blackcatinformatics.ca/gmeow/documentation/term/cat> <https://blackcatinformatics.ca/gmeow/docMissesDimension> <https://blackcatinformatics.ca/gmeow/dimProseQuality> <https://blackcatinformatics.ca/gmeow/graph/documentation> .
<https://blackcatinformatics.ca/gmeow/documentation/term/cat> <https://blackcatinformatics.ca/gmeow/docCoversDimension> <https://blackcatinformatics.ca/gmeow/dimLossJudgmentSound> <https://blackcatinformatics.ca/gmeow/graph/documentation> .
<https://blackcatinformatics.ca/gmeow/documentation/term/hasowner> <http://www.w3.org/1999/02/22-rdf-syntax-ns#type> <https://blackcatinformatics.ca/gmeow/DocumentedTerm> <https://blackcatinformatics.ca/gmeow/graph/documentation> .
<https://blackcatinformatics.ca/gmeow/documentation/term/hasowner> <https://blackcatinformatics.ca/gmeow/documents> <https://blackcatinformatics.ca/gmeow/hasOwner> <https://blackcatinformatics.ca/gmeow/graph/documentation> .
<https://blackcatinformatics.ca/gmeow/documentation/term/hasowner> <https://blackcatinformatics.ca/gmeow/docCategory> "Property" <https://blackcatinformatics.ca/gmeow/graph/documentation> .
<https://blackcatinformatics.ca/gmeow/documentation/term/hasowner> <https://blackcatinformatics.ca/gmeow/docHasDefinition> "false"^^<http://www.w3.org/2001/XMLSchema#boolean> <https://blackcatinformatics.ca/gmeow/graph/documentation> .
<https://blackcatinformatics.ca/gmeow/documentation/term/hasowner> <https://blackcatinformatics.ca/gmeow/docUrl> "terms/hasowner/index.html" <https://blackcatinformatics.ca/gmeow/graph/documentation> .
<https://blackcatinformatics.ca/gmeow/documentation/term/hasowner> <https://blackcatinformatics.ca/gmeow/docOwnerSlice> <https://blackcatinformatics.ca/gmeow/slice/zoo> <https://blackcatinformatics.ca/gmeow/graph/documentation> .
<https://blackcatinformatics.ca/gmeow/documentation/term/hasowner> <http://www.w3.org/2000/01/rdf-schema#label> "Documentation entry: gmeow:hasOwner"@x-gmeow-english <https://blackcatinformatics.ca/gmeow/graph/documentation> .
<https://blackcatinformatics.ca/gmeow/documentation/term/hasowner> <http://www.w3.org/2004/02/skos/core#definition> "Documentation projection for https://blackcatinformatics.ca/gmeow/hasOwner (Property)."@x-gmeow-english <https://blackcatinformatics.ca/gmeow/graph/documentation> .
<https://blackcatinformatics.ca/gmeow/documentation/term/hasowner> <http://www.w3.org/2000/01/rdf-schema#isDefinedBy> <https://blackcatinformatics.ca/gmeow/graph/documentation> <https://blackcatinformatics.ca/gmeow/graph/documentation> .
<https://blackcatinformatics.ca/gmeow/documentation/term/hasowner> <https://blackcatinformatics.ca/gmeow/graphBoxRole> <https://blackcatinformatics.ca/gmeow/boxABox> <https://blackcatinformatics.ca/gmeow/graph/documentation> .
<https://blackcatinformatics.ca/gmeow/documentation/term/hasowner> <https://blackcatinformatics.ca/gmeow/docSearchLabel> "gmeow:hasOwner" <https://blackcatinformatics.ca/gmeow/graph/documentation> .
<https://blackcatinformatics.ca/gmeow/documentation/evidence/hasowner/provenance> <http://www.w3.org/1999/02/22-rdf-syntax-ns#type> <https://blackcatinformatics.ca/gmeow/DocEvidence> <https://blackcatinformatics.ca/gmeow/graph/documentation> .
<https://blackcatinformatics.ca/gmeow/documentation/evidence/hasowner/provenance> <https://blackcatinformatics.ca/gmeow/docEvidenceKind> <https://blackcatinformatics.ca/gmeow/docEvidenceKindProvenance> <https://blackcatinformatics.ca/gmeow/graph/documentation> .
<https://blackcatinformatics.ca/gmeow/documentation/evidence/hasowner/provenance> <https://blackcatinformatics.ca/gmeow/documents> <https://blackcatinformatics.ca/gmeow/hasOwner> <https://blackcatinformatics.ca/gmeow/graph/documentation> .
<https://blackcatinformatics.ca/gmeow/documentation/evidence/hasowner/provenance> <https://blackcatinformatics.ca/gmeow/docClaim> "rendered by the docs build pipeline (2 stage(s))" <https://blackcatinformatics.ca/gmeow/graph/documentation> .
<https://blackcatinformatics.ca/gmeow/documentation/evidence/hasowner/provenance> <https://blackcatinformatics.ca/gmeow/docGroundedBy> <https://blackcatinformatics.ca/gmeow/stage-docs-render> <https://blackcatinformatics.ca/gmeow/graph/documentation> .
<https://blackcatinformatics.ca/gmeow/documentation/evidence/hasowner/provenance> <https://blackcatinformatics.ca/gmeow/docProducedByChain> "stage-docs-render <- stage-source-load" <https://blackcatinformatics.ca/gmeow/graph/documentation> .
<https://blackcatinformatics.ca/gmeow/documentation/evidence/hasowner/provenance> <https://blackcatinformatics.ca/gmeow/docProvenanceDepth> "2"^^<http://www.w3.org/2001/XMLSchema#integer> <https://blackcatinformatics.ca/gmeow/graph/documentation> .
<https://blackcatinformatics.ca/gmeow/documentation/evidence/hasowner/provenance> <http://www.w3.org/2000/01/rdf-schema#label> "Doc evidence (provenance): gmeow:hasOwner"@x-gmeow-english <https://blackcatinformatics.ca/gmeow/graph/documentation> .
<https://blackcatinformatics.ca/gmeow/documentation/evidence/hasowner/provenance> <http://www.w3.org/2004/02/skos/core#definition> "provenance documentation evidence for https://blackcatinformatics.ca/gmeow/hasOwner — rendered by the docs build pipeline (2 stage(s))."@x-gmeow-english <https://blackcatinformatics.ca/gmeow/graph/documentation> .
<https://blackcatinformatics.ca/gmeow/documentation/evidence/hasowner/provenance> <http://www.w3.org/2000/01/rdf-schema#isDefinedBy> <https://blackcatinformatics.ca/gmeow/graph/documentation> <https://blackcatinformatics.ca/gmeow/graph/documentation> .
<https://blackcatinformatics.ca/gmeow/documentation/evidence/hasowner/provenance> <https://blackcatinformatics.ca/gmeow/graphBoxRole> <https://blackcatinformatics.ca/gmeow/boxABox> <https://blackcatinformatics.ca/gmeow/graph/documentation> .
<https://blackcatinformatics.ca/gmeow/documentation/term/hasowner> <https://blackcatinformatics.ca/gmeow/docMissesDimension> <https://blackcatinformatics.ca/gmeow/dimDefinition> <https://blackcatinformatics.ca/gmeow/graph/documentation> .
<https://blackcatinformatics.ca/gmeow/documentation/term/hasowner> <https://blackcatinformatics.ca/gmeow/docMissesDimension> <https://blackcatinformatics.ca/gmeow/dimLabel> <https://blackcatinformatics.ca/gmeow/graph/documentation> .
<https://blackcatinformatics.ca/gmeow/documentation/term/hasowner> <https://blackcatinformatics.ca/gmeow/docMissesDimension> <https://blackcatinformatics.ca/gmeow/dimUsageAdvice> <https://blackcatinformatics.ca/gmeow/graph/documentation> .
<https://blackcatinformatics.ca/gmeow/documentation/term/hasowner> <https://blackcatinformatics.ca/gmeow/docMissesDimension> <https://blackcatinformatics.ca/gmeow/dimExample> <https://blackcatinformatics.ca/gmeow/graph/documentation> .
<https://blackcatinformatics.ca/gmeow/documentation/term/hasowner> <https://blackcatinformatics.ca/gmeow/docMissesDimension> <https://blackcatinformatics.ca/gmeow/dimScopeNote> <https://blackcatinformatics.ca/gmeow/graph/documentation> .
<https://blackcatinformatics.ca/gmeow/documentation/term/hasowner> <https://blackcatinformatics.ca/gmeow/docCoversDimension> <https://blackcatinformatics.ca/gmeow/dimAlignment> <https://blackcatinformatics.ca/gmeow/graph/documentation> .
<https://blackcatinformatics.ca/gmeow/documentation/term/hasowner> <https://blackcatinformatics.ca/gmeow/docMissesDimension> <https://blackcatinformatics.ca/gmeow/dimFixturePair> <https://blackcatinformatics.ca/gmeow/graph/documentation> .
<https://blackcatinformatics.ca/gmeow/documentation/term/hasowner> <https://blackcatinformatics.ca/gmeow/docMissesDimension> <https://blackcatinformatics.ca/gmeow/dimCompetencyRationale> <https://blackcatinformatics.ca/gmeow/graph/documentation> .
<https://blackcatinformatics.ca/gmeow/documentation/term/hasowner> <https://blackcatinformatics.ca/gmeow/docMissesDimension> <https://blackcatinformatics.ca/gmeow/dimWorkedInstance> <https://blackcatinformatics.ca/gmeow/graph/documentation> .
<https://blackcatinformatics.ca/gmeow/documentation/term/hasowner> <https://blackcatinformatics.ca/gmeow/docCoversDimension> <https://blackcatinformatics.ca/gmeow/dimLossLedgerRow> <https://blackcatinformatics.ca/gmeow/graph/documentation> .
<https://blackcatinformatics.ca/gmeow/documentation/term/hasowner> <https://blackcatinformatics.ca/gmeow/docCoversDimension> <https://blackcatinformatics.ca/gmeow/dimLinkageCoverage> <https://blackcatinformatics.ca/gmeow/graph/documentation> .
<https://blackcatinformatics.ca/gmeow/documentation/term/hasowner> <https://blackcatinformatics.ca/gmeow/docMissesDimension> <https://blackcatinformatics.ca/gmeow/dimAnnotationCoat> <https://blackcatinformatics.ca/gmeow/graph/documentation> .
<https://blackcatinformatics.ca/gmeow/documentation/term/hasowner> <https://blackcatinformatics.ca/gmeow/docCoversDimension> <https://blackcatinformatics.ca/gmeow/dimTranslationCoverage> <https://blackcatinformatics.ca/gmeow/graph/documentation> .
<https://blackcatinformatics.ca/gmeow/documentation/term/hasowner> <https://blackcatinformatics.ca/gmeow/docMissesDimension> <https://blackcatinformatics.ca/gmeow/dimTestReach> <https://blackcatinformatics.ca/gmeow/graph/documentation> .
<https://blackcatinformatics.ca/gmeow/documentation/term/hasowner> <https://blackcatinformatics.ca/gmeow/docCoversDimension> <https://blackcatinformatics.ca/gmeow/dimProvenanceHonesty> <https://blackcatinformatics.ca/gmeow/graph/documentation> .
<https://blackcatinformatics.ca/gmeow/documentation/term/hasowner> <https://blackcatinformatics.ca/gmeow/docMissesDimension> <https://blackcatinformatics.ca/gmeow/dimProseQuality> <https://blackcatinformatics.ca/gmeow/graph/documentation> .
<https://blackcatinformatics.ca/gmeow/documentation/term/hasowner> <https://blackcatinformatics.ca/gmeow/docCoversDimension> <https://blackcatinformatics.ca/gmeow/dimLossJudgmentSound> <https://blackcatinformatics.ca/gmeow/graph/documentation> .
<https://blackcatinformatics.ca/gmeow/documentation/slice/zoo> <http://www.w3.org/1999/02/22-rdf-syntax-ns#type> <https://blackcatinformatics.ca/gmeow/DocumentedSlice> <https://blackcatinformatics.ca/gmeow/graph/documentation> .
<https://blackcatinformatics.ca/gmeow/documentation/slice/zoo> <https://blackcatinformatics.ca/gmeow/documents> <https://blackcatinformatics.ca/gmeow/slice/zoo> <https://blackcatinformatics.ca/gmeow/graph/documentation> .
<https://blackcatinformatics.ca/gmeow/documentation/slice/zoo> <https://blackcatinformatics.ca/gmeow/docUrl> "slices/zoo/index.html" <https://blackcatinformatics.ca/gmeow/graph/documentation> .
<https://blackcatinformatics.ca/gmeow/documentation/slice/zoo> <http://www.w3.org/2000/01/rdf-schema#label> "Documentation entry: slice zoo"@x-gmeow-english <https://blackcatinformatics.ca/gmeow/graph/documentation> .
<https://blackcatinformatics.ca/gmeow/documentation/slice/zoo> <http://www.w3.org/2004/02/skos/core#definition> "Documentation projection for slice https://blackcatinformatics.ca/gmeow/slice/zoo."@x-gmeow-english <https://blackcatinformatics.ca/gmeow/graph/documentation> .
<https://blackcatinformatics.ca/gmeow/documentation/slice/zoo> <http://www.w3.org/2000/01/rdf-schema#isDefinedBy> <https://blackcatinformatics.ca/gmeow/graph/documentation> <https://blackcatinformatics.ca/gmeow/graph/documentation> .
<https://blackcatinformatics.ca/gmeow/documentation/slice/zoo> <https://blackcatinformatics.ca/gmeow/graphBoxRole> <https://blackcatinformatics.ca/gmeow/boxABox> <https://blackcatinformatics.ca/gmeow/graph/documentation> .
<https://blackcatinformatics.ca/gmeow/documentation/slice/zoo> <https://blackcatinformatics.ca/gmeow/docSearchLabel> "Zoo" <https://blackcatinformatics.ca/gmeow/graph/documentation> .
<https://blackcatinformatics.ca/gmeow/documentation/slice/zoo> <https://blackcatinformatics.ca/gmeow/docMissesDimension> <https://blackcatinformatics.ca/gmeow/dimDefinition> <https://blackcatinformatics.ca/gmeow/graph/documentation> .
<https://blackcatinformatics.ca/gmeow/documentation/slice/zoo> <https://blackcatinformatics.ca/gmeow/docMissesDimension> <https://blackcatinformatics.ca/gmeow/dimLabel> <https://blackcatinformatics.ca/gmeow/graph/documentation> .
<https://blackcatinformatics.ca/gmeow/documentation/slice/zoo> <https://blackcatinformatics.ca/gmeow/docMissesDimension> <https://blackcatinformatics.ca/gmeow/dimUsageAdvice> <https://blackcatinformatics.ca/gmeow/graph/documentation> .
<https://blackcatinformatics.ca/gmeow/documentation/slice/zoo> <https://blackcatinformatics.ca/gmeow/docMissesDimension> <https://blackcatinformatics.ca/gmeow/dimExample> <https://blackcatinformatics.ca/gmeow/graph/documentation> .
<https://blackcatinformatics.ca/gmeow/documentation/slice/zoo> <https://blackcatinformatics.ca/gmeow/docMissesDimension> <https://blackcatinformatics.ca/gmeow/dimScopeNote> <https://blackcatinformatics.ca/gmeow/graph/documentation> .
<https://blackcatinformatics.ca/gmeow/documentation/slice/zoo> <https://blackcatinformatics.ca/gmeow/docCoversDimension> <https://blackcatinformatics.ca/gmeow/dimAlignment> <https://blackcatinformatics.ca/gmeow/graph/documentation> .
<https://blackcatinformatics.ca/gmeow/documentation/slice/zoo> <https://blackcatinformatics.ca/gmeow/docMissesDimension> <https://blackcatinformatics.ca/gmeow/dimFixturePair> <https://blackcatinformatics.ca/gmeow/graph/documentation> .
<https://blackcatinformatics.ca/gmeow/documentation/slice/zoo> <https://blackcatinformatics.ca/gmeow/docCoversDimension> <https://blackcatinformatics.ca/gmeow/dimCompetencyRationale> <https://blackcatinformatics.ca/gmeow/graph/documentation> .
<https://blackcatinformatics.ca/gmeow/documentation/slice/zoo> <https://blackcatinformatics.ca/gmeow/docMissesDimension> <https://blackcatinformatics.ca/gmeow/dimWorkedInstance> <https://blackcatinformatics.ca/gmeow/graph/documentation> .
<https://blackcatinformatics.ca/gmeow/documentation/slice/zoo> <https://blackcatinformatics.ca/gmeow/docCoversDimension> <https://blackcatinformatics.ca/gmeow/dimLossLedgerRow> <https://blackcatinformatics.ca/gmeow/graph/documentation> .
<https://blackcatinformatics.ca/gmeow/documentation/slice/zoo> <https://blackcatinformatics.ca/gmeow/docCoversDimension> <https://blackcatinformatics.ca/gmeow/dimLinkageCoverage> <https://blackcatinformatics.ca/gmeow/graph/documentation> .
<https://blackcatinformatics.ca/gmeow/documentation/slice/zoo> <https://blackcatinformatics.ca/gmeow/docMissesDimension> <https://blackcatinformatics.ca/gmeow/dimRealizedState> <https://blackcatinformatics.ca/gmeow/graph/documentation> .
<https://blackcatinformatics.ca/gmeow/documentation/slice/zoo> <https://blackcatinformatics.ca/gmeow/docMissesDimension> <https://blackcatinformatics.ca/gmeow/dimAnnotationCoat> <https://blackcatinformatics.ca/gmeow/graph/documentation> .
<https://blackcatinformatics.ca/gmeow/documentation/slice/zoo> <https://blackcatinformatics.ca/gmeow/docMissesDimension> <https://blackcatinformatics.ca/gmeow/dimThesisSentence> <https://blackcatinformatics.ca/gmeow/graph/documentation> .
<https://blackcatinformatics.ca/gmeow/documentation/slice/zoo> <https://blackcatinformatics.ca/gmeow/docCoversDimension> <https://blackcatinformatics.ca/gmeow/dimTranslationCoverage> <https://blackcatinformatics.ca/gmeow/graph/documentation> .
<https://blackcatinformatics.ca/gmeow/documentation/slice/zoo> <https://blackcatinformatics.ca/gmeow/docMissesDimension> <https://blackcatinformatics.ca/gmeow/dimTestReach> <https://blackcatinformatics.ca/gmeow/graph/documentation> .
<https://blackcatinformatics.ca/gmeow/documentation/slice/zoo> <https://blackcatinformatics.ca/gmeow/docCoversDimension> <https://blackcatinformatics.ca/gmeow/dimProvenanceHonesty> <https://blackcatinformatics.ca/gmeow/graph/documentation> .
<https://blackcatinformatics.ca/gmeow/documentation/slice/zoo> <https://blackcatinformatics.ca/gmeow/docMissesDimension> <https://blackcatinformatics.ca/gmeow/dimProseQuality> <https://blackcatinformatics.ca/gmeow/graph/documentation> .
<https://blackcatinformatics.ca/gmeow/documentation/slice/zoo> <https://blackcatinformatics.ca/gmeow/docCoversDimension> <https://blackcatinformatics.ca/gmeow/dimLossJudgmentSound> <https://blackcatinformatics.ca/gmeow/graph/documentation> .
<https://blackcatinformatics.ca/gmeow/documentation/slice/zoo> <https://blackcatinformatics.ca/gmeow/coverageFraction> "0.3333"^^<http://www.w3.org/2001/XMLSchema#decimal> <https://blackcatinformatics.ca/gmeow/graph/documentation> .
<https://blackcatinformatics.ca/gmeow/documentation/concern/animals> <http://www.w3.org/1999/02/22-rdf-syntax-ns#type> <https://blackcatinformatics.ca/gmeow/DocumentedConcern> <https://blackcatinformatics.ca/gmeow/graph/documentation> .
<https://blackcatinformatics.ca/gmeow/documentation/concern/animals> <https://blackcatinformatics.ca/gmeow/documents> <https://blackcatinformatics.ca/gmeow/concern/animals> <https://blackcatinformatics.ca/gmeow/graph/documentation> .
<https://blackcatinformatics.ca/gmeow/documentation/concern/animals> <https://blackcatinformatics.ca/gmeow/docUrl> "concerns/animals/index.html" <https://blackcatinformatics.ca/gmeow/graph/documentation> .
<https://blackcatinformatics.ca/gmeow/documentation/concern/animals> <http://www.w3.org/2000/01/rdf-schema#label> "Documentation entry: concern animals"@x-gmeow-english <https://blackcatinformatics.ca/gmeow/graph/documentation> .
<https://blackcatinformatics.ca/gmeow/documentation/concern/animals> <http://www.w3.org/2004/02/skos/core#definition> "Documentation projection for concern https://blackcatinformatics.ca/gmeow/concern/animals."@x-gmeow-english <https://blackcatinformatics.ca/gmeow/graph/documentation> .
<https://blackcatinformatics.ca/gmeow/documentation/concern/animals> <http://www.w3.org/2000/01/rdf-schema#isDefinedBy> <https://blackcatinformatics.ca/gmeow/graph/documentation> <https://blackcatinformatics.ca/gmeow/graph/documentation> .
<https://blackcatinformatics.ca/gmeow/documentation/concern/animals> <https://blackcatinformatics.ca/gmeow/graphBoxRole> <https://blackcatinformatics.ca/gmeow/boxABox> <https://blackcatinformatics.ca/gmeow/graph/documentation> .
<https://blackcatinformatics.ca/gmeow/documentation/concern/animals> <https://blackcatinformatics.ca/gmeow/docSearchLabel> "Animals" <https://blackcatinformatics.ca/gmeow/graph/documentation> .
<https://blackcatinformatics.ca/gmeow/documentation/mapping-set/zoo-sssom> <http://www.w3.org/1999/02/22-rdf-syntax-ns#type> <https://blackcatinformatics.ca/gmeow/DocumentedMappingSet> <https://blackcatinformatics.ca/gmeow/graph/documentation> .
<https://blackcatinformatics.ca/gmeow/documentation/mapping-set/zoo-sssom> <https://blackcatinformatics.ca/gmeow/documents> <https://blackcatinformatics.ca/gmeow/mapping/zoo-sssom> <https://blackcatinformatics.ca/gmeow/graph/documentation> .
<https://blackcatinformatics.ca/gmeow/documentation/mapping-set/zoo-sssom> <https://blackcatinformatics.ca/gmeow/docUrl> "linkages/index.html" <https://blackcatinformatics.ca/gmeow/graph/documentation> .
<https://blackcatinformatics.ca/gmeow/documentation/mapping-set/zoo-sssom> <http://www.w3.org/2000/01/rdf-schema#label> "Documentation entry: mapping set zoo-sssom"@x-gmeow-english <https://blackcatinformatics.ca/gmeow/graph/documentation> .
<https://blackcatinformatics.ca/gmeow/documentation/mapping-set/zoo-sssom> <http://www.w3.org/2004/02/skos/core#definition> "Documentation projection for mapping set https://blackcatinformatics.ca/gmeow/mapping/zoo-sssom."@x-gmeow-english <https://blackcatinformatics.ca/gmeow/graph/documentation> .
<https://blackcatinformatics.ca/gmeow/documentation/mapping-set/zoo-sssom> <http://www.w3.org/2000/01/rdf-schema#isDefinedBy> <https://blackcatinformatics.ca/gmeow/graph/documentation> <https://blackcatinformatics.ca/gmeow/graph/documentation> .
<https://blackcatinformatics.ca/gmeow/documentation/mapping-set/zoo-sssom> <https://blackcatinformatics.ca/gmeow/graphBoxRole> <https://blackcatinformatics.ca/gmeow/boxABox> <https://blackcatinformatics.ca/gmeow/graph/documentation> .
<https://blackcatinformatics.ca/gmeow/documentation/fixture/zoo-cat-ok-ttl> <http://www.w3.org/1999/02/22-rdf-syntax-ns#type> <https://blackcatinformatics.ca/gmeow/DocFixture> <https://blackcatinformatics.ca/gmeow/graph/documentation> .
<https://blackcatinformatics.ca/gmeow/documentation/fixture/zoo-cat-ok-ttl> <https://blackcatinformatics.ca/gmeow/documents> <https://blackcatinformatics.ca/gmeow/Cat> <https://blackcatinformatics.ca/gmeow/graph/documentation> .
<https://blackcatinformatics.ca/gmeow/documentation/fixture/zoo-cat-ok-ttl> <https://blackcatinformatics.ca/gmeow/docFixtureKind> <https://blackcatinformatics.ca/gmeow/docFixtureKindWellformed> <https://blackcatinformatics.ca/gmeow/graph/documentation> .
<https://blackcatinformatics.ca/gmeow/documentation/fixture/zoo-cat-ok-ttl> <https://blackcatinformatics.ca/gmeow/docFixtureText> "@prefix gmeow: <https://blackcatinformatics.ca/gmeow/> .\n" <https://blackcatinformatics.ca/gmeow/graph/documentation> .
<https://blackcatinformatics.ca/gmeow/documentation/fixture/zoo-cat-ok-ttl> <https://blackcatinformatics.ca/gmeow/docExpectedOutcome> "conforms" <https://blackcatinformatics.ca/gmeow/graph/documentation> .
<https://blackcatinformatics.ca/gmeow/documentation/fixture/zoo-cat-ok-ttl> <https://blackcatinformatics.ca/gmeow/docGroundedBy> <https://blackcatinformatics.ca/gmeow/slice/zoo> <https://blackcatinformatics.ca/gmeow/graph/documentation> .
<https://blackcatinformatics.ca/gmeow/documentation/fixture/zoo-cat-ok-ttl> <http://www.w3.org/2000/01/rdf-schema#label> "Conformance fixture: A conforming cat"@x-gmeow-english <https://blackcatinformatics.ca/gmeow/graph/documentation> .
<https://blackcatinformatics.ca/gmeow/documentation/fixture/zoo-cat-ok-ttl> <http://www.w3.org/2004/02/skos/core#definition> "Conformance fixture tests/conformance-fixtures/cat-ok.ttl in slice https://blackcatinformatics.ca/gmeow/slice/zoo (wellformed)."@x-gmeow-english <https://blackcatinformatics.ca/gmeow/graph/documentation> .
<https://blackcatinformatics.ca/gmeow/documentation/fixture/zoo-cat-ok-ttl> <http://www.w3.org/2000/01/rdf-schema#isDefinedBy> <https://blackcatinformatics.ca/gmeow/graph/documentation> <https://blackcatinformatics.ca/gmeow/graph/documentation> .
<https://blackcatinformatics.ca/gmeow/documentation/fixture/zoo-cat-ok-ttl> <https://blackcatinformatics.ca/gmeow/graphBoxRole> <https://blackcatinformatics.ca/gmeow/boxABox> <https://blackcatinformatics.ca/gmeow/graph/documentation> .
<https://blackcatinformatics.ca/gmeow/documentation/competency/https-blackcatinformatics-ca-gmeow-cq-cats-are-animals> <http://www.w3.org/1999/02/22-rdf-syntax-ns#type> <https://blackcatinformatics.ca/gmeow/DocumentedCompetency> <https://blackcatinformatics.ca/gmeow/graph/documentation> .
<https://blackcatinformatics.ca/gmeow/documentation/competency/https-blackcatinformatics-ca-gmeow-cq-cats-are-animals> <https://blackcatinformatics.ca/gmeow/docGroundedBy> <https://blackcatinformatics.ca/gmeow/cq/cats-are-animals> <https://blackcatinformatics.ca/gmeow/graph/documentation> .
<https://blackcatinformatics.ca/gmeow/documentation/competency/https-blackcatinformatics-ca-gmeow-cq-cats-are-animals> <https://blackcatinformatics.ca/gmeow/documents> <https://blackcatinformatics.ca/gmeow/Cat> <https://blackcatinformatics.ca/gmeow/graph/documentation> .
<https://blackcatinformatics.ca/gmeow/documentation/competency/https-blackcatinformatics-ca-gmeow-cq-cats-are-animals> <https://blackcatinformatics.ca/gmeow/cqQueryText> "SELECT ?c WHERE { ?c a gmeow:Cat }" <https://blackcatinformatics.ca/gmeow/graph/documentation> .
<https://blackcatinformatics.ca/gmeow/documentation/competency/https-blackcatinformatics-ca-gmeow-cq-cats-are-animals> <https://blackcatinformatics.ca/gmeow/cqRationale> "Every cat must classify as an animal." <https://blackcatinformatics.ca/gmeow/graph/documentation> .
<https://blackcatinformatics.ca/gmeow/documentation/competency/https-blackcatinformatics-ca-gmeow-cq-cats-are-animals> <http://www.w3.org/2000/01/rdf-schema#label> "Competency question: https://blackcatinformatics.ca/gmeow/cq/cats-are-animals"@x-gmeow-english <https://blackcatinformatics.ca/gmeow/graph/documentation> .
<https://blackcatinformatics.ca/gmeow/documentation/competency/https-blackcatinformatics-ca-gmeow-cq-cats-are-animals> <http://www.w3.org/2004/02/skos/core#definition> "Documentation projection of competency question https://blackcatinformatics.ca/gmeow/cq/cats-are-animals."@x-gmeow-english <https://blackcatinformatics.ca/gmeow/graph/documentation> .
<https://blackcatinformatics.ca/gmeow/documentation/competency/https-blackcatinformatics-ca-gmeow-cq-cats-are-animals> <http://www.w3.org/2000/01/rdf-schema#isDefinedBy> <https://blackcatinformatics.ca/gmeow/graph/documentation> <https://blackcatinformatics.ca/gmeow/graph/documentation> .
<https://blackcatinformatics.ca/gmeow/documentation/competency/https-blackcatinformatics-ca-gmeow-cq-cats-are-animals> <https://blackcatinformatics.ca/gmeow/graphBoxRole> <https://blackcatinformatics.ca/gmeow/boxABox> <https://blackcatinformatics.ca/gmeow/graph/documentation> .
