---
source: crates/docs/tests/render_golden.rs
expression: summary
---
{
  "first": {
    "definition": "Projection-time withholding, coarsening, sensitivity, and display control.",
    "id": "gmeow:concernDisclosure",
    "kind": "concern",
    "label": "disclosure and suppression",
    "url": "concerns/concerndisclosure/index.html"
  },
  "last": {
    "advice": [
      "Use for rotation about the vertical axis in the Euler-angle orientation facet.",
      "Avoid stating Euler angles without gmeow:eulerOrder (the rotation order disambiguates them).",
      "Set gmeow:yaw with gmeow:pitch, gmeow:roll, and gmeow:eulerOrder on the Orientation."
    ],
    "alignments": [
      "closeMatch:Q465493"
    ],
    "definition": "Rotation about the vertical (typically z) axis, in degrees or radians as indicated by the reference frame.",
    "id": "gmeow:yaw",
    "kind": "term",
    "label": "yaw",
    "missing_coverage": [
      "scope_note"
    ],
    "url": "terms/yaw/index.html"
  },
  "record_count": 2392
}
