---
source: crates/docs/tests/render_golden.rs
expression: "to_html(&model, &Page::Slice(slug))"
---
<!doctype html>
<html lang="en">
<head>
  <meta charset="utf-8">
  <meta name="viewport" content="width=device-width, initial-scale=1">
  <title>GMEOW Accessibility Module · GMEOW Ontology Documentation</title>
  <link rel="stylesheet" href="../../assets/gmeow.css">
</head>
<body>
  <header class="site-header">
    <a class="brand" href="../../index.html">GMEOW Ontology Documentation</a>
    <nav class="site-nav" aria-label="Primary">
      <a href="../../index.html">Home</a>
      <a href="../../slices/index.html">Slices</a>
      <a href="../../classes/index.html">Classes</a>
      <a href="../../properties/index.html">Properties</a>
      <a href="../../getting-started/index.html">Getting started</a>
      <a href="../../about/index.html">About</a>
    </nav>
  </header>
  <div class="layout">
    <main>
<h1>GMEOW Accessibility Module</h1>
<p><code>https://blackcatinformatics.ca/gmeow/slices/accessibility</code></p>
<table><thead><tr><th>Field</th><th>Value</th></tr></thead><tbody>
<tr><td>Tier</td><td>Extension</td></tr>
<tr><td>Creators</td><td>Blackcat Informatics® Inc.</td></tr>
<tr><td>Consumers</td><td>Accessibility facets over places and routes; the schema.org accessibility projection.</td></tr>
</tbody></table>
<h2>Artifacts</h2>
<h3>Documentation</h3>
<table><thead><tr><th>Path</th><th>Media type</th><th>Digest</th></tr></thead><tbody>
<tr><td><code>docs.md</code></td><td><code>text/markdown</code></td><td><code>f656971f578a</code></td></tr>
</tbody></table>
<h3>Examples</h3>
<table><thead><tr><th>Path</th><th>Media type</th><th>Digest</th></tr></thead><tbody>
<tr><td><code>examples/location-access.ttl</code></td><td><code>text/turtle</code></td><td><code>d51813f45761</code></td></tr>
</tbody></table>
<h3>Manifest</h3>
<table><thead><tr><th>Path</th><th>Media type</th><th>Digest</th></tr></thead><tbody>
<tr><td><code>manifest.ttl</code></td><td><code>text/turtle</code></td><td><code>266cbc93bb4a</code></td></tr>
</tbody></table>
<h3>Mappings</h3>
<table><thead><tr><th>Path</th><th>Media type</th><th>Digest</th></tr></thead><tbody>
<tr><td><code>mappings/equivalences.ttl</code></td><td><code>text/turtle</code></td><td><code>bf3738f94306</code></td></tr>
</tbody></table>
<h3>Module</h3>
<table><thead><tr><th>Path</th><th>Media type</th><th>Digest</th></tr></thead><tbody>
<tr><td><code>module.ttl</code></td><td><code>text/turtle</code></td><td><code>d95a3f16d179</code></td></tr>
</tbody></table>
<h2>Terms (9)</h2>
<ul>
<li><a href="../../terms/accessibilityassertion/index.html"><code>gmeow:AccessibilityAssertion</code></a> — Class</li>
<li><a href="../../terms/accessibilityfacet/index.html"><code>gmeow:AccessibilityFacet</code></a> — Class</li>
<li><a href="../../terms/accessibilitypolarity/index.html"><code>gmeow:AccessibilityPolarity</code></a> — Class</li>
<li><a href="../../terms/assertionfacet/index.html"><code>gmeow:assertionFacet</code></a> — Property</li>
<li><a href="../../terms/assertionpolarity/index.html"><code>gmeow:assertionPolarity</code></a> — Property</li>
<li><a href="../../terms/assertionsubject/index.html"><code>gmeow:assertionSubject</code></a> — Property</li>
<li><a href="../../terms/hasaccessibilityfeature/index.html"><code>gmeow:hasAccessibilityFeature</code></a> — Property</li>
<li><a href="../../terms/hasaccessibilityneed/index.html"><code>gmeow:hasAccessibilityNeed</code></a> — Property</li>
<li><a href="../../terms/hasbarrier/index.html"><code>gmeow:hasBarrier</code></a> — Property</li>
</ul>

    </main>
  </div>
  <footer class="site-footer">
    <p>GMEOW Ontology Documentation · version 1 · generated by gmeow-docs.</p>
  </footer>
</body>
</html>
