---
source: crates/docs/tests/render_golden.rs
expression: "to_markdown(&model, &Page::Term(slug))"
---
# assessed entity

`gmeow:assessedEntity` · Property

| Field | Value |
| --- | --- |
| CURIE | `gmeow:assessedEntity` |
| IRI | `https://blackcatinformatics.ca/gmeow/assessedEntity` |
| Category | Property |
| Slice | [GMEOW Data Quality Module](../../slices/quality/index.md) |

![completeness: Docs 12/17](../../badges/completeness/12.svg) ![stability: stable](../../badges/stability/stable.svg) ![category: Property](../../badges/category/property.svg) ![box: RBox](../../badges/box/boxrbox.svg)

## Definition

The entity whose data quality is being assessed — the feature of interest of the quality observation\. Sub\-property of gmeow:observedFeature so generic consumers can query 'all observations about Alice' without knowing whether the claim is a name, a coordinate, or a quality assessment\.

## For developers

## Quickstart

```turtle
<subject> a gmeow:QualityAssessment ;
    gmeow:assessedEntity <...> .  # gmeow:Entity
```

## Example in multiple syntaxes

**Turtle**

```turtle
<subject> a gmeow:QualityAssessment ;
    gmeow:assessedEntity <...> .  # gmeow:Entity
```

**JSON\-LD**

```json
{
  "@context": {},
  "@graph": [
    {
      "@id": "https://blackcatinformatics.ca/gmeow/example/subject",
      "@type": [
        {
          "@id": "https://blackcatinformatics.ca/gmeow/QualityAssessment"
        }
      ],
      "https://blackcatinformatics.ca/gmeow/assessedEntity": {
        "@id": "https://blackcatinformatics.ca/gmeow/example/..."
      }
    }
  ]
}
```

## Neighborhood

![Term neighborhood](../../diagrams/terms/assessedentity.svg)

## Super\-properties

- [`gmeow:observedFeature`](../observedfeature/index.md)

## Domain

- [`gmeow:QualityAssessment`](../qualityassessment/index.md)

## Range

- [`gmeow:Entity`](../entity/index.md)

## Conformance examples

- **Do:** `tests/conformance-fixtures/per-axis-grade-carries-its-axis.ttl`
  - Two grade records name the two rubric axes that publish under one ISO dimension, each carrying gmeow:assessmentAxis alongside the identical gmeow:qualityDimension\. Recording the axis as first\-class data is the intended shape of a grade, so the union of the module with this fixture MUST validate clean: nothing in the rubric's owned surface restricts an assessment to one grade per dimension, and a slice that scored two axes publishing under one dimension would otherwise be unable to report both\.
- See the [conformance fixtures index](../../fixtures/index.md).

## Usage Advice

- **Example:** ex:posAcc gmeow:assessedEntity ex:roadLayer \.
- **Use when:** Use on a QualityAssessment to name the entity or dataset whose quality is under evaluation — the quality observation's feature of interest\.
- **Avoid when:** Avoid for the assessment's numeric verdict \(that is gmeow:observationResult\) and for non\-quality observations, which use gmeow:observedFeature directly\.
- **How to use:** Assert gmeow:assessedEntity from the QualityAssessment to the subject entity; it specializes gmeow:observedFeature, so generic 'all observations about X' queries find it by inheritance\.

## Examples using this term

- [Per\-axis slice\-quality grade record](../../slices/slice-quality-rubric/index.md) — `examples/rubric-assessment.ttl`

## Profiles

- `claims` · `full` · `purremb`

## Formal & academic

## Description\-Logic axioms

```text
gmeow:assessedEntity ⊑ gmeow:observedFeature
∃gmeow:assessedEntity.⊤ ⊑ gmeow:QualityAssessment
⊤ ⊑ ∀gmeow:assessedEntity.gmeow:Entity
```

## Alignments

- `closeMatch` → [http://www\.w3\.org/ns/dqv\#computedOn](http://www\.w3\.org/ns/dqv\#computedOn) — *approximate match (close) — not an exact equivalence.*
- *An approximate match is a lossy projection — the external term is not an exact equivalent. See the [preservation loss ledger](../../logic/loss-ledger/index.md) for the per-target structural drops.*
- *These cross-vocabulary crosswalks are also lowered to EDOAL (and, for transformation correspondences, FnO) — sound but lossy under-approximations of the canonical correspondence. See the [preservation loss ledger](../../logic/loss-ledger/index.md) for the per-target structural drops.*

## Box role

[RBox (`gmeow:boxRBox`)](../../four-boxes/index.md)

## Documentation coverage

- **12 of 17 dimensions present.** ✓ Definition · ✓ Label · ✓ Usage advice · ✓ Example · ✗ Scope note · ✓ Alignment · ✗ Fixture pair · ✗ Competency rationale · ✓ Worked instance · ✓ Loss ledger row · ✓ Linkage coverage · ✓ Annotation coat · ✗ Translation coverage · ✓ Test reach · ✓ Provenance honesty · ✗ Prose quality · ✓ Loss judgment sound
- See [Documentation health](../../health/index.md) for coverage across the whole vocabulary.

## Stability

- **Status:** stable

## Changelog

- **Added in:** 0\.1\.0

## Citation

- **Permalink:** <https://blackcatinformatics.ca/gmeow/assessedEntity>
- **Content address:** `https://blackcatinformatics.ca/gmeow/assessedEntity@blake3:cf3747eacfbae8d1d0b044115254b28e1df5077bebaf69bca4fa60839848428f`
- **Cite the ontology:** [10\.67342/26w4o](https://doi.org/10.67342/26w4o)

---

**Provenance:** this page ← `stage-docs-render` ← `stage-compile-logic` ← `stage-source-load`
Rendered from `gmeow.gts` by the dogfooded build pipeline.
