---
source: crates/docs/tests/render_golden.rs
expression: head
---
# GMEOW Ontology Documentation

> A reasoning-centric, RDF 1.2-native super-vocabulary grounded by its co-foundational language, mathematics, and logic slices; it unifies a person's or organization's digital existence (entities, contacts, email, trust/keys, time) and aligns it to schema.org, FOAF, PROV, the WOT schema, Wikidata, and more.

Vocabulary 16. Namespace: https://blackcatinformatics.ca/gmeow/. The RDF 1.2 grounding slices are canonical; this index links into the published documentation.

## Vocabulary

- [Classes](classes/index.html): 1809 terms
- [Properties](properties/index.html): 3086 terms
- [Individuals](individuals/index.html): 1583 terms
- [Datatypes](datatypes/index.html): 1 terms

## Terms

- [gmeow:AboutnessMode](terms/aboutnessmode/index.html) (⊑ QualityValue): The rhetorical relation between an information carrier and its subject matter — whether the carrier describes the subject (mention: reporting, quoting, depicting, analyzing) or enacts it (use: perform…
