---
source: crates/docs/tests/render_golden.rs
expression: "to_html(&model, &Page::Term(slug))"
---
<!doctype html>
<html lang="en">
<head>
  <meta charset="utf-8">
  <meta name="viewport" content="width=device-width, initial-scale=1">
  <title>gmeow:assessedEntity · GMEOW Ontology Documentation</title>
  <link rel="stylesheet" href="../../assets/gmeow.css">
</head>
<body>
  <header class="site-header">
    <a class="brand" href="../../index.html">GMEOW Ontology Documentation</a>
    <nav class="site-nav" aria-label="Primary">
      <a href="../../index.html">Home</a>
      <a href="../../slices/index.html">Slices</a>
      <a href="../../classes/index.html">Classes</a>
      <a href="../../properties/index.html">Properties</a>
      <a href="../../concerns/index.html">Concerns</a>
      <a href="../../linkages/index.html">Linkages</a>
      <a href="../../logic/index.html">Logic & Reasoning</a>
      <a href="../../examples/index.html">Examples</a>
      <a href="../../external-ontologies/index.html">External</a>
      <a href="../../recipes/index.html">Recipes</a>
      <a href="../../learning-paths/index.html">Learning paths</a>
      <a href="../../getting-started/index.html">Getting started</a>
      <a href="../../about/index.html">About</a>
    </nav>
  </header>
  <div class="layout">
    <main>
<h1>assessed entity</h1>
<p><code>gmeow:assessedEntity</code> · Property</p>
<table><thead><tr><th>Field</th><th>Value</th></tr></thead><tbody>
<tr><td>CURIE</td><td><code>gmeow:assessedEntity</code></td></tr>
<tr><td>IRI</td><td><code>https://blackcatinformatics.ca/gmeow/assessedEntity</code></td></tr>
<tr><td>Category</td><td>Property</td></tr>
<tr><td>Slice</td><td><a href="../../slices/quality/index.html">GMEOW Data Quality Module</a></td></tr>
</tbody></table>
<p><img src="../../badges/completeness/12.svg" alt="completeness: Docs 12/17" /> <img src="../../badges/stability/stable.svg" alt="stability: stable" /> <img src="../../badges/category/property.svg" alt="category: Property" /> <img src="../../badges/box/boxrbox.svg" alt="box: RBox" /> <img src="../../badges/stereotype/objectproperty.svg" alt="stereotype: ObjectProperty" /></p>
<h2>Definition</h2>
<p>The entity whose data quality is being assessed — the feature of interest of the quality observation. Sub-property of gmeow:observedFeature so generic consumers can query 'all observations about Alice' without knowing whether the claim is a name, a coordinate, or a quality assessment.</p>
<h2>For developers</h2>
<h2>Quickstart</h2>
<pre><code class="language-turtle">&lt;subject&gt; a gmeow:QualityAssessment ;
    gmeow:assessedEntity &lt;...&gt; .  # gmeow:Entity
</code></pre>
<h2>Example in multiple syntaxes</h2>
<p><strong>Turtle</strong></p>
<pre><code class="language-turtle">&lt;subject&gt; a gmeow:QualityAssessment ;
    gmeow:assessedEntity &lt;...&gt; .  # gmeow:Entity
</code></pre>
<p><strong>JSON-LD</strong></p>
<pre><code class="language-json">{
  "@context": {},
  "@graph": [
    {
      "@id": "https://blackcatinformatics.ca/gmeow/example/subject",
      "@type": [
        {
          "@id": "https://blackcatinformatics.ca/gmeow/QualityAssessment"
        }
      ],
      "https://blackcatinformatics.ca/gmeow/assessedEntity": {
        "@id": "https://blackcatinformatics.ca/gmeow/example/..."
      }
    }
  ]
}
</code></pre>
<h2>Neighborhood</h2>
<p><img src="../../diagrams/terms/assessedentity.svg" alt="Term neighborhood" /></p>
<h2>Super-properties</h2>
<ul>
<li><a href="../observedfeature/index.html"><code>gmeow:observedFeature</code></a></li>
</ul>
<h2>Domain</h2>
<ul>
<li><a href="../qualityassessment/index.html"><code>gmeow:QualityAssessment</code></a></li>
</ul>
<h2>Range</h2>
<ul>
<li><a href="../entity/index.html"><code>gmeow:Entity</code></a></li>
</ul>
<h2>Conformance examples</h2>
<ul>
<li><strong>Do:</strong> <code>tests/conformance-fixtures/per-axis-grade-carries-its-axis.ttl</code>
<ul>
<li>Two grade records name the two rubric axes that publish under one ISO dimension, each carrying gmeow:assessmentAxis alongside the identical gmeow:qualityDimension. Recording the axis as first-class data is the intended shape of a grade, so the union of the module with this fixture MUST validate clean: nothing in the rubric's owned surface restricts an assessment to one grade per dimension, and a slice that scored two axes publishing under one dimension would otherwise be unable to report both.</li>
</ul>
</li>
<li>See the <a href="../../fixtures/index.html">conformance fixtures index</a>.</li>
</ul>
<h2>Usage Advice</h2>
<ul>
<li><strong>Example:</strong> ex:posAcc gmeow:assessedEntity ex:roadLayer .</li>
<li><strong>Use when:</strong> Use on a QualityAssessment to name the entity or dataset whose quality is under evaluation — the quality observation's feature of interest.</li>
<li><strong>Avoid when:</strong> Avoid for the assessment's numeric verdict (that is gmeow:observationResult) and for non-quality observations, which use gmeow:observedFeature directly.</li>
<li><strong>How to use:</strong> Assert gmeow:assessedEntity from the QualityAssessment to the subject entity; it specializes gmeow:observedFeature, so generic 'all observations about X' queries find it by inheritance.</li>
</ul>
<h2>Examples using this term</h2>
<ul>
<li><a href="../../slices/slice-quality-rubric/index.html">Per-axis slice-quality grade record</a> — <code>examples/rubric-assessment.ttl</code></li>
</ul>
<h2>Profiles</h2>
<ul>
<li><code>claims</code> · <code>full</code> · <code>purremb</code></li>
</ul>
<h2>Formal &amp; academic</h2>
<h2>Description-Logic axioms</h2>
<pre><code class="language-text">gmeow:assessedEntity ⊑ gmeow:observedFeature
∃gmeow:assessedEntity.⊤ ⊑ gmeow:QualityAssessment
⊤ ⊑ ∀gmeow:assessedEntity.gmeow:Entity
</code></pre>
<h2>Alignments</h2>
<ul>
<li><code>closeMatch</code> → <a href="http://www.w3.org/ns/dqv#computedOn">http://www.w3.org/ns/dqv#computedOn</a> — <em>approximate match (close) — not an exact equivalence.</em></li>
<li><em>An approximate match is a lossy projection — the external term is not an exact equivalent. See the <a href="../../logic/loss-ledger/index.html">preservation loss ledger</a> for the per-target structural drops.</em></li>
<li><em>These cross-vocabulary crosswalks are also lowered to EDOAL (and, for transformation correspondences, FnO) — sound but lossy under-approximations of the canonical correspondence. See the <a href="../../logic/loss-ledger/index.html">preservation loss ledger</a> for the per-target structural drops.</em></li>
</ul>
<h2>Logic stereotypes</h2>
<p><code>logic:ObjectProperty</code> — see the <a href="../../logic/index.html">Logic &amp; Reasoning</a> index.</p>
<h2>Box role</h2>
<p><a href="../../four-boxes/index.html">RBox (<code>gmeow:boxRBox</code>)</a></p>
<h2>Documentation coverage</h2>
<ul>
<li><strong>12 of 17 dimensions present.</strong> ✓ Definition · ✓ Label · ✓ Usage advice · ✓ Example · ✗ Scope note · ✓ Alignment · ✗ Fixture pair · ✗ Competency rationale · ✓ Worked instance · ✓ Loss ledger row · ✓ Linkage coverage · ✓ Annotation coat · ✗ Translation coverage · ✓ Test reach · ✓ Provenance honesty · ✗ Prose quality · ✓ Loss judgment sound</li>
<li>See <a href="../../health/index.html">Documentation health</a> for coverage across the whole vocabulary.</li>
</ul>
<h2>Stability</h2>
<ul>
<li><strong>Status:</strong> stable</li>
</ul>
<h2>Changelog</h2>
<ul>
<li><strong>Added in:</strong> 0.1.0</li>
</ul>
<h2>Citation</h2>
<ul>
<li><strong>Permalink:</strong> <a href="https://blackcatinformatics.ca/gmeow/assessedEntity">https://blackcatinformatics.ca/gmeow/assessedEntity</a></li>
<li><strong>Content address:</strong> <code>https://blackcatinformatics.ca/gmeow/assessedEntity@blake3:b1bedc359ec9ef4cf8debe5e04c04fada046e1d834c112adbe5afad2b8f3fa9b</code></li>
<li><strong>Cite the ontology:</strong> <a href="https://doi.org/10.67342/26w4o">10.67342/26w4o</a></li>
</ul>
<hr />
<p><strong>Provenance:</strong> this page ← <code>stage-docs-render</code> ← <code>stage-compile-logic</code> ← <code>stage-source-load</code>
Rendered from <code>gmeow.gts</code> by the dogfooded build pipeline.</p>

    </main>
  </div>
  <footer class="site-footer">
    <p>GMEOW Ontology Documentation · version 18 · generated by gmeow-docs.</p>
  </footer>
</body>
</html>
