---
source: crates/docs/tests/render_golden.rs
assertion_line: 387
expression: head
---
# What GMEOW enforces

The **72** validation rules the GMEOW toolchain enforces, grouped by finding category. Each rule is a `gmeow:ValidationRule` individual from the constraint catalog; a finding's `helpUri` deep-links to its entry here. **Binding** rules fail the gate; **advisory** rules report without failing. The distinct **Usage Advice** section below documents the non-gating *recommendations* (`avoidWhen` / `useWhen` / `howToUse`) that advisory `advice.*` findings resolve to.

## Finding: Contradiction Witness

<a id="validate-deep-inconsistent"></a>

### validate\.deep\.inconsistent

- Severity: **binding**
- Rule code: `validate.deep.inconsistent`
- Help link: [https://blackcatinformatics\.ca/gmeow/docs/enforced\-constraints\#validate\-deep\-inconsistent](https://blackcatinformatics.ca/gmeow/docs/enforced-constraints#validate-deep-inconsistent)

validate\.deep\.inconsistent

## Finding: Data Shape Violation

<a id="-dsl-nonconforming"></a>

### \-dsl\.nonconforming

- Severity: **binding**
- Rule code: `-dsl.nonconforming`
