---
source: crates/docs/tests/render_golden.rs
expression: "to_html(&model, &Page::Term(slug))"
---
<!doctype html>
<html lang="en">
<head>
  <meta charset="utf-8">
  <meta name="viewport" content="width=device-width, initial-scale=1">
  <title>gmeow:analysisFrame · GMEOW Ontology Documentation</title>
  <link rel="stylesheet" href="../../assets/gmeow.css">
</head>
<body>
  <header class="site-header">
    <a class="brand" href="../../index.html">GMEOW Ontology Documentation</a>
    <nav class="site-nav" aria-label="Primary">
      <a href="../../index.html">Home</a>
      <a href="../../slices/index.html">Slices</a>
      <a href="../../classes/index.html">Classes</a>
      <a href="../../properties/index.html">Properties</a>
      <a href="../../getting-started/index.html">Getting started</a>
      <a href="../../about/index.html">About</a>
    </nav>
  </header>
  <div class="layout">
    <main>
<h1>analysis frame</h1>
<p><code>gmeow:analysisFrame</code> · Property</p>
<table><thead><tr><th>Field</th><th>Value</th></tr></thead><tbody>
<tr><td>CURIE</td><td><code>gmeow:analysisFrame</code></td></tr>
<tr><td>IRI</td><td><code>https://blackcatinformatics.ca/gmeow/analysisFrame</code></td></tr>
<tr><td>Category</td><td>Property</td></tr>
<tr><td>Slice</td><td><a href="../../slices/music/index.html">GMEOW Music — frame-relative content, lossy notation projections</a></td></tr>
</tbody></table>
<h2>Definition</h2>
<p>The music-theory reference frame in which the analysis result is expressed — orthogonal to the analyst vantage (Principle 11).</p>
<h2>Super-properties</h2>
<ul>
<li><a href="../hasreferenceframe/index.html"><code>gmeow:hasReferenceFrame</code></a></li>
</ul>
<h2>Domain</h2>
<ul>
<li><a href="../musicanalysisclaim/index.html"><code>gmeow:MusicAnalysisClaim</code></a></li>
</ul>
<h2>Range</h2>
<ul>
<li><a href="../referenceframe/index.html"><code>gmeow:ReferenceFrame</code></a></li>
</ul>

    </main>
  </div>
  <footer class="site-footer">
    <p>GMEOW Ontology Documentation · version 1 · generated by gmeow-docs.</p>
  </footer>
</body>
</html>
