---
source: crates/docs/tests/render_golden.rs
expression: summary
---
{
  "first": {
    "definition": "Projection-time withholding, coarsening, sensitivity, and display control.",
    "id": "gmeow:concernDisclosure",
    "kind": "concern",
    "label": "disclosure and suppression",
    "url": "concerns/concerndisclosure/index.html"
  },
  "last": {
    "definition": "The failure raised when a math:RationalValue declares a math:denominator of 0. Zero is not a valid denominator — p/0 is not a rational value — so the exact carrier is ill-formed. The object-layer analogue of the dimension-exponent zero-denominator rule.",
    "id": "math:ZeroDenominator",
    "kind": "term",
    "label": "Zero Denominator",
    "missing_coverage": [
      "usage_advice",
      "example",
      "scope_note",
      "fixture_pair",
      "competency_rationale",
      "worked_instance",
      "annotation_coat",
      "translation_coverage",
      "test_reach",
      "prose_quality"
    ],
    "url": "terms/zerodenominator/index.html"
  },
  "record_count": 4942
}
