---
source: crates/docs/tests/render_golden.rs
expression: "to_markdown(&model, &Page::Slice(slug))"
---
# GMEOW Accessibility Module

`https://blackcatinformatics.ca/gmeow/slices/accessibility`

| Field | Value |
| --- | --- |
| Tier | Extension |
| Creators | Blackcat Informatics® Inc\. |
| Consumers | Accessibility facets over places and routes; the schema\.org accessibility projection\. |

<!-- SPDX-FileCopyrightText: 2026 Blackcat Informatics® Inc. <paudley@blackcatinformatics.ca> -->
<!-- SPDX-License-Identifier: CC-BY-4.0 -->

<a id="accessibility-features-barriers-and-needs-as-co-equal-facets"></a>

## Accessibility — features, barriers, and needs as co-equal facets

> **Slice:** `https://blackcatinformatics.ca/gmeow/slices/accessibility` · **tier: extension**
> Whether an entity can reach or use a location under constraints — said honestly, per facet.

Most vocabularies flatten accessibility to a boolean (`wheelchairAccessible true`). GMEOW
refuses the collapse: accessibility is a *family of orthogonal dimensions* — wheelchair,
step-free, visual, auditory, cognitive, clearance, life-support — and each dimension is an
open value facet (Principle 9: individuals, never subclasses; a new facet is data, not a
schema change). Features, barriers, and needs are co-equal: there is no "primary need", and
a location may honestly carry *both* a feature and a barrier for the same facet (a ramp at
the front entrance, stairs at the side). The flat shortcuts cover the 80 % case; promote to
a reified `AccessibilityAssertion` when provenance, confidence, temporal scope, or
suppression matter (Principle 10: suppression is `displayable false`, never deletion).
The slice is part of the the design Location-as-reference-frame design.

Its Principle-15 consumer, declared in the manifest: **accessibility facets over places and
routes, and the schema.org accessibility projection** — every term here either drives
accessible-route solving or down-projects to `schema:accessibilityFeature` and kin.

<a id="the-value-vocabularies"></a>

### The value vocabularies

<a id="gmeowaccessibilityfacet"></a>

#### gmeow:AccessibilityFacet

The dimension being asserted — the seeds are `facetWheelchair`, `facetStepFree`,
`facetVisual`, `facetAuditory`, `facetCognitive`, `facetClearance`, `facetLifeSupport`.
An open vocabulary (Principle 9): a facet not among the seeds is a fresh individual with a
label, never a subclass. Facets are the shared currency of all three shortcut properties
and of the reified assertion.

<a id="gmeowaccessibilitypolarity"></a>

#### gmeow:AccessibilityPolarity

The sign of a reified claim: `polarityFeature` (the subject provides the facet),
`polarityBarrier` (it impedes it), or `polarityLimited` (it provides it under some
conditions but not all). Polarity exists *only* on the reified form — the flat shortcuts
encode polarity in the property name.

<a id="the-flat-shortcuts-the-80-case"></a>

### The flat shortcuts (the 80 % case)

<a id="gmeowhasaccessibilityfeature"></a>

#### gmeow:hasAccessibilityFeature

`Location → AccessibilityFacet`: the location positively provides the facet.
Non-functional — a location may support many facets, and may simultaneously carry
`hasBarrier` for the *same* facet under different local conditions. The properties are
deliberately **not** disjoint; disambiguation belongs to the reified form, not to schema
exclusions.

<a id="gmeowhasbarrier"></a>

#### gmeow:hasBarrier

`Location → AccessibilityFacet`: the location impedes the facet. The honest negative —
a barrier is asserted data, not the mere absence of a feature (open world: silence means
*unknown*, `hasBarrier` means *known impediment*).

<a id="gmeowhasaccessibilityneed"></a>

#### gmeow:hasAccessibilityNeed

`Entity → AccessibilityFacet`: what an entity requires in order to reach or use a
location. Needs are co-equal facets (Principle 9) — all asserted needs coexist. This is
the demand side that the solver matches against the supply side (features/barriers) when
computing accessible routes.

<a id="the-reified-form-promote-when-metadata-matters"></a>

### The reified form (promote when metadata matters)

<a id="gmeowaccessibilityassertion"></a>

#### gmeow:AccessibilityAssertion

A `gufo:Relator`-grounded claim that a location *or connection* (the connectivity slice's
`Connection` is an admissible subject) has a feature, barrier, or limited status for a
facet. Bears vantage, confidence, temporal scope, and suppression (`displayable false` —
Principle 10). Promote here whenever the claim itself must be a node — "accessible
according to the 2024 city audit, disputed by the user survey".

<a id="gmeowassertionsubject-gmeowassertionfacet-gmeowassertionpolarity"></a>

#### gmeow:assertionSubject · gmeow:assertionFacet · gmeow:assertionPolarity

The three functional role properties of the relator: one subject, one facet, one polarity
per assertion. Relator mediation is axiomatized (`someValuesFrom` restrictions, EL-safe)
so the EL reasoner sees the doctrine; closed-world cardinality is SHACL's job.

<a id="solver-layer-bridges"></a>

### Solver layer & bridges

Accessible *routes* are computed, never asserted (Principle 12): the connectivity slice
declares the `routeKindAccessible` route kind, and the solver layer walks the connection
graph matching `hasAccessibilityNeed` against features and barriers to produce a path. The
OWL core only models the inputs.

<a id="dependencies"></a>

### Dependencies

Depends on `kernel` and `places` (the `Location` domain of the shortcuts). Sibling to
`connectivity` — mutually independent extensions joined only at the solver layer and at
`routeKindAccessible` (slice-dependency doctrine refactor keeps that value individual beside its value
class, in connectivity).

## Artifacts

### Documentation

| Path | Media type | Digest |
| --- | --- | --- |
| `docs.md` | `text/markdown` | `e346485e9e93` |

### Examples

| Path | Media type | Digest |
| --- | --- | --- |
| `examples/location-access.ttl` | `text/turtle` | `d51813f45761` |

### Manifest

| Path | Media type | Digest |
| --- | --- | --- |
| `manifest.ttl` | `text/turtle` | `9b80c28a6ae4` |

### Mappings

| Path | Media type | Digest |
| --- | --- | --- |
| `mappings/equivalences.ttl` | `text/turtle` | `c3322f117e1e` |

### Module

| Path | Media type | Digest |
| --- | --- | --- |
| `module.ttl` | `text/turtle` | `2ffd23a0c689` |

### Tests

| Path | Media type | Digest |
| --- | --- | --- |
| `tests/structural.ttl` | `text/turtle` | `7024bdab47ba` |

### Translations

| Path | Media type | Digest |
| --- | --- | --- |
| `i18n/fr.po` | `application/octet-stream` | `bf21c1270db1` |
| `i18n/zh.po` | `application/octet-stream` | `f8a4c280e53e` |

## Terms \(12\)

- [`gmeow:AccessibilityAssertion`](../../terms/accessibilityassertion/index.md) — Class
- [`gmeow:AccessibilityFacet`](../../terms/accessibilityfacet/index.md) — Class
- [`gmeow:AccessibilityPolarity`](../../terms/accessibilitypolarity/index.md) — Class
- [`gmeow:assertionFacet`](../../terms/assertionfacet/index.md) — Property
- [`gmeow:assertionFacetFunctionality`](../../terms/assertionfacetfunctionality/index.md) — Individual
- [`gmeow:assertionPolarity`](../../terms/assertionpolarity/index.md) — Property
- [`gmeow:assertionPolarityFunctionality`](../../terms/assertionpolarityfunctionality/index.md) — Individual
- [`gmeow:assertionSubject`](../../terms/assertionsubject/index.md) — Property
- [`gmeow:assertionSubjectFunctionality`](../../terms/assertionsubjectfunctionality/index.md) — Individual
- [`gmeow:hasAccessibilityFeature`](../../terms/hasaccessibilityfeature/index.md) — Property
- [`gmeow:hasAccessibilityNeed`](../../terms/hasaccessibilityneed/index.md) — Property
- [`gmeow:hasBarrier`](../../terms/hasbarrier/index.md) — Property

## Linkages \(14\)

| Subject | Predicate | External object | Conf. |
| --- | --- | --- | --- |
| [`gmeow:AccessibilityAssertion`](../../terms/accessibilityassertion/index.md) | `http://www.w3.org/2004/02/skos/core#closeMatch` | [http://www\.w3\.org/ns/sosa/Observation](http://www\.w3\.org/ns/sosa/Observation) | 0.70 |
| `gmeow:facetAuditory` | `http://www.w3.org/2004/02/skos/core#closeMatch` | [http://hl7\.org/fhir/sid/icf\#b2](http://hl7\.org/fhir/sid/icf\#b2) | 0.80 |
| `gmeow:facetAuditory` | `http://www.w3.org/2004/02/skos/core#closeMatch` | [http://hl7\.org/fhir/sid/icf\#e125](http://hl7\.org/fhir/sid/icf\#e125) | 0.80 |
| `gmeow:facetClearance` | `http://www.w3.org/2004/02/skos/core#closeMatch` | [http://hl7\.org/fhir/sid/icf\#d4](http://hl7\.org/fhir/sid/icf\#d4) | 0.70 |
| `gmeow:facetCognitive` | `http://www.w3.org/2004/02/skos/core#closeMatch` | [http://hl7\.org/fhir/sid/icf\#b1](http://hl7\.org/fhir/sid/icf\#b1) | 0.80 |
| `gmeow:facetCognitive` | `http://www.w3.org/2004/02/skos/core#closeMatch` | [http://hl7\.org/fhir/sid/icf\#e140](http://hl7\.org/fhir/sid/icf\#e140) | 0.70 |
| `gmeow:facetLifeSupport` | `http://www.w3.org/2004/02/skos/core#closeMatch` | [http://hl7\.org/fhir/sid/icf\#e5](http://hl7\.org/fhir/sid/icf\#e5) | 0.70 |
| `gmeow:facetStepFree` | `http://www.w3.org/2004/02/skos/core#closeMatch` | [http://hl7\.org/fhir/sid/icf\#d4](http://hl7\.org/fhir/sid/icf\#d4) | 0.80 |
| `gmeow:facetVisual` | `http://www.w3.org/2004/02/skos/core#closeMatch` | [http://hl7\.org/fhir/sid/icf\#b2](http://hl7\.org/fhir/sid/icf\#b2) | 0.80 |
| `gmeow:facetVisual` | `http://www.w3.org/2004/02/skos/core#closeMatch` | [http://hl7\.org/fhir/sid/icf\#e135](http://hl7\.org/fhir/sid/icf\#e135) | 0.80 |
| `gmeow:facetWheelchair` | `http://www.w3.org/2004/02/skos/core#closeMatch` | [http://hl7\.org/fhir/sid/icf\#d4](http://hl7\.org/fhir/sid/icf\#d4) | 0.80 |
| `gmeow:facetWheelchair` | `http://www.w3.org/2004/02/skos/core#closeMatch` | [http://hl7\.org/fhir/sid/icf\#e115](http://hl7\.org/fhir/sid/icf\#e115) | 0.80 |
| [`gmeow:hasAccessibilityFeature`](../../terms/hasaccessibilityfeature/index.md) | `http://www.w3.org/2004/02/skos/core#closeMatch` | [https://schema\.org/accessibilityFeature](https://schema\.org/accessibilityFeature) | 0.80 |
| [`gmeow:hasBarrier`](../../terms/hasbarrier/index.md) | `http://www.w3.org/2004/02/skos/core#closeMatch` | [https://schema\.org/accessibilityHazard](https://schema\.org/accessibilityHazard) | 0.75 |

## Examples \(1\)

### Location Access

`examples/location-access.ttl`

```turtle
# SPDX-FileCopyrightText: 2026 Blackcat Informatics® Inc. <paudley@blackcatinformatics.ca>
# SPDX-License-Identifier: CC-BY-4.0
#
# Worked example: accessibility as MATCHABLE facets. One open vocabulary of
# gmeow:AccessibilityFacets (wheelchair, step-free, visual, auditory, cognitive …)
# is used across three relations: what a location HAS
# (gmeow:hasAccessibilityFeature), what it lacks as a gmeow:hasBarrier, and what an
# agent NEEDS (gmeow:hasAccessibilityNeed). Because need and feature draw on the
# same vocabulary, "Dana needs wheelchair access" and "the library has wheelchair
# access" MATCH directly. A reified gmeow:AccessibilityAssertion records who
# claims which facet, with a gmeow:assertionPolarity (feature / barrier / limited).
@prefix gmeow: <https://blackcatinformatics.ca/gmeow/> .
@prefix ex:    <https://blackcatinformatics.ca/gmeow/examples/accessibility/> .

# --- A location with a feature and a barrier (facets are per-location facts).
ex:library a gmeow:Place ;
    gmeow:name                    "City Library"@x-gmeow-english ;
    gmeow:hasAccessibilityFeature gmeow:facetWheelchair ;
    gmeow:hasBarrier              gmeow:facetVisual .

# --- An agent's need, drawn from the SAME facet vocabulary → directly matchable
#     against the library's feature.
ex:dana a gmeow:Person ;
    gmeow:name               "Dana Reyes"@x-gmeow-english ;
    gmeow:hasAccessibilityNeed gmeow:facetWheelchair .

# --- A reified assertion: a surveyor claims the library is step-free (a feature).
ex:assertion a gmeow:AccessibilityAssertion ;
    gmeow:assertionSubject  ex:library ;
    gmeow:assertionFacet    gmeow:facetStepFree ;
    gmeow:assertionPolarity gmeow:polarityFeature .
```

---

**Provenance:** this page ← `stage-docs-render` ← `stage-compile-logic` ← `stage-source-load`
Rendered from `gmeow.gts` by the dogfooded build pipeline.
