---
source: crates/docs/tests/render_golden.rs
assertion_line: 354
expression: "to_html(&model, &Page::Slice(slug))"
---
<!doctype html>
<html lang="en">
<head>
  <meta charset="utf-8">
  <meta name="viewport" content="width=device-width, initial-scale=1">
  <title>GMEOW Accessibility Module · GMEOW Ontology Documentation</title>
  <link rel="stylesheet" href="../../assets/gmeow.css">
</head>
<body>
  <header class="site-header">
    <a class="brand" href="../../index.html">GMEOW Ontology Documentation</a>
    <nav class="site-nav" aria-label="Primary">
      <a href="../../index.html">Home</a>
      <a href="../../slices/index.html">Slices</a>
      <a href="../../classes/index.html">Classes</a>
      <a href="../../properties/index.html">Properties</a>
      <a href="../../concerns/index.html">Concerns</a>
      <a href="../../linkages/index.html">Linkages</a>
      <a href="../../logic/index.html">Logic & Reasoning</a>
      <a href="../../examples/index.html">Examples</a>
      <a href="../../external-ontologies/index.html">External</a>
      <a href="../../recipes/index.html">Recipes</a>
      <a href="../../learning-paths/index.html">Learning paths</a>
      <a href="../../getting-started/index.html">Getting started</a>
      <a href="../../about/index.html">About</a>
    </nav>
  </header>
  <div class="layout">
    <main>
<h1>GMEOW Accessibility Module</h1>
<p><code>https://blackcatinformatics.ca/gmeow/slices/accessibility</code></p>
<table><thead><tr><th>Field</th><th>Value</th></tr></thead><tbody>
<tr><td>Tier</td><td>Extension</td></tr>
<tr><td>Creators</td><td>Blackcat Informatics® Inc.</td></tr>
<tr><td>Consumers</td><td>Accessibility facets over places and routes; the schema.org accessibility projection.</td></tr>
</tbody></table>
<!-- SPDX-FileCopyrightText: 2026 Blackcat Informatics® Inc. <paudley@blackcatinformatics.ca> -->
<!-- SPDX-License-Identifier: CC-BY-4.0 -->
<p><a id="accessibility-features-barriers-and-needs-as-co-equal-facets"></a></p>
<h2>Accessibility — features, barriers, and needs as co-equal facets</h2>
<blockquote>
<p><strong>Slice:</strong> <code>https://blackcatinformatics.ca/gmeow/slices/accessibility</code> · <strong>tier: extension</strong>
Whether an entity can reach or use a location under constraints — said honestly, per facet.</p>
</blockquote>
<p>Most vocabularies flatten accessibility to a boolean (<code>wheelchairAccessible true</code>). GMEOW
refuses the collapse: accessibility is a <em>family of orthogonal dimensions</em> — wheelchair,
step-free, visual, auditory, cognitive, clearance, life-support — and each dimension is an
open value facet (Principle 9: individuals, never subclasses; a new facet is data, not a
schema change). Features, barriers, and needs are co-equal: there is no "primary need", and
a location may honestly carry <em>both</em> a feature and a barrier for the same facet (a ramp at
the front entrance, stairs at the side). The flat shortcuts cover the 80 % case; promote to
a reified <code>AccessibilityAssertion</code> when provenance, confidence, temporal scope, or
suppression matter (Principle 10: suppression is <code>displayable false</code>, never deletion).
The slice is part of the the design Location-as-reference-frame design.</p>
<p>Its Principle-15 consumer, declared in the manifest: <strong>accessibility facets over places and
routes, and the schema.org accessibility projection</strong> — every term here either drives
accessible-route solving or down-projects to <code>schema:accessibilityFeature</code> and kin.</p>
<p><a id="the-value-vocabularies"></a></p>
<h3>The value vocabularies</h3>
<p><a id="gmeowaccessibilityfacet"></a></p>
<h4>gmeow:AccessibilityFacet</h4>
<p>The dimension being asserted — the seeds are <code>facetWheelchair</code>, <code>facetStepFree</code>,
<code>facetVisual</code>, <code>facetAuditory</code>, <code>facetCognitive</code>, <code>facetClearance</code>, <code>facetLifeSupport</code>.
An open vocabulary (Principle 9): a facet not among the seeds is a fresh individual with a
label, never a subclass. Facets are the shared currency of all three shortcut properties
and of the reified assertion.</p>
<p><a id="gmeowaccessibilitypolarity"></a></p>
<h4>gmeow:AccessibilityPolarity</h4>
<p>The sign of a reified claim: <code>polarityFeature</code> (the subject provides the facet),
<code>polarityBarrier</code> (it impedes it), or <code>polarityLimited</code> (it provides it under some
conditions but not all). Polarity exists <em>only</em> on the reified form — the flat shortcuts
encode polarity in the property name.</p>
<p><a id="the-flat-shortcuts-the-80-case"></a></p>
<h3>The flat shortcuts (the 80 % case)</h3>
<p><a id="gmeowhasaccessibilityfeature"></a></p>
<h4>gmeow:hasAccessibilityFeature</h4>
<p><code>Location → AccessibilityFacet</code>: the location positively provides the facet.
Non-functional — a location may support many facets, and may simultaneously carry
<code>hasBarrier</code> for the <em>same</em> facet under different local conditions. The properties are
deliberately <strong>not</strong> disjoint; disambiguation belongs to the reified form, not to schema
exclusions.</p>
<p><a id="gmeowhasbarrier"></a></p>
<h4>gmeow:hasBarrier</h4>
<p><code>Location → AccessibilityFacet</code>: the location impedes the facet. The honest negative —
a barrier is asserted data, not the mere absence of a feature (open world: silence means
<em>unknown</em>, <code>hasBarrier</code> means <em>known impediment</em>).</p>
<p><a id="gmeowhasaccessibilityneed"></a></p>
<h4>gmeow:hasAccessibilityNeed</h4>
<p><code>Entity → AccessibilityFacet</code>: what an entity requires in order to reach or use a
location. Needs are co-equal facets (Principle 9) — all asserted needs coexist. This is
the demand side that the solver matches against the supply side (features/barriers) when
computing accessible routes.</p>
<p><a id="the-reified-form-promote-when-metadata-matters"></a></p>
<h3>The reified form (promote when metadata matters)</h3>
<p><a id="gmeowaccessibilityassertion"></a></p>
<h4>gmeow:AccessibilityAssertion</h4>
<p>A <code>gufo:Relator</code>-grounded claim that a location <em>or connection</em> (the connectivity slice's
<code>Connection</code> is an admissible subject) has a feature, barrier, or limited status for a
facet. Bears vantage, confidence, temporal scope, and suppression (<code>displayable false</code> —
Principle 10). Promote here whenever the claim itself must be a node — "accessible
according to the 2024 city audit, disputed by the user survey".</p>
<p><a id="gmeowassertionsubject-gmeowassertionfacet-gmeowassertionpolarity"></a></p>
<h4>gmeow:assertionSubject · gmeow:assertionFacet · gmeow:assertionPolarity</h4>
<p>The three functional role properties of the relator: one subject, one facet, one polarity
per assertion. Relator mediation is axiomatized (<code>someValuesFrom</code> restrictions, EL-safe)
so the EL reasoner sees the doctrine; closed-world cardinality is SHACL's job.</p>
<p><a id="solver-layer-bridges"></a></p>
<h3>Solver layer &amp; bridges</h3>
<p>Accessible <em>routes</em> are computed, never asserted (Principle 12): the connectivity slice
declares the <code>routeKindAccessible</code> route kind, and the solver layer walks the connection
graph matching <code>hasAccessibilityNeed</code> against features and barriers to produce a path. The
OWL core only models the inputs.</p>
<p><a id="dependencies"></a></p>
<h3>Dependencies</h3>
<p>Depends on <code>kernel</code> and <code>places</code> (the <code>Location</code> domain of the shortcuts). Sibling to
<code>connectivity</code> — mutually independent extensions joined only at the solver layer and at
<code>routeKindAccessible</code> (slice-dependency doctrine refactor keeps that value individual beside its value
class, in connectivity).</p>
<h2>Artifacts</h2>
<h3>Documentation</h3>
<table><thead><tr><th>Path</th><th>Media type</th><th>Digest</th></tr></thead><tbody>
<tr><td><code>docs.md</code></td><td><code>text/markdown</code></td><td><code>e346485e9e93</code></td></tr>
</tbody></table>
<h3>Examples</h3>
<table><thead><tr><th>Path</th><th>Media type</th><th>Digest</th></tr></thead><tbody>
<tr><td><code>examples/location-access.ttl</code></td><td><code>text/turtle</code></td><td><code>d51813f45761</code></td></tr>
</tbody></table>
<h3>Manifest</h3>
<table><thead><tr><th>Path</th><th>Media type</th><th>Digest</th></tr></thead><tbody>
<tr><td><code>manifest.ttl</code></td><td><code>text/turtle</code></td><td><code>9b80c28a6ae4</code></td></tr>
</tbody></table>
<h3>Mappings</h3>
<table><thead><tr><th>Path</th><th>Media type</th><th>Digest</th></tr></thead><tbody>
<tr><td><code>mappings/equivalences.ttl</code></td><td><code>text/turtle</code></td><td><code>c3322f117e1e</code></td></tr>
</tbody></table>
<h3>Module</h3>
<table><thead><tr><th>Path</th><th>Media type</th><th>Digest</th></tr></thead><tbody>
<tr><td><code>module.ttl</code></td><td><code>text/turtle</code></td><td><code>45e6adbe6d16</code></td></tr>
</tbody></table>
<h3>Tests</h3>
<table><thead><tr><th>Path</th><th>Media type</th><th>Digest</th></tr></thead><tbody>
<tr><td><code>tests/structural.ttl</code></td><td><code>text/turtle</code></td><td><code>7024bdab47ba</code></td></tr>
</tbody></table>
<h3>Translations</h3>
<table><thead><tr><th>Path</th><th>Media type</th><th>Digest</th></tr></thead><tbody>
<tr><td><code>i18n/fr.po</code></td><td><code>application/octet-stream</code></td><td><code>bf21c1270db1</code></td></tr>
<tr><td><code>i18n/zh.po</code></td><td><code>application/octet-stream</code></td><td><code>f8a4c280e53e</code></td></tr>
</tbody></table>
<h2>Terms (12)</h2>
<ul>
<li><a href="../../terms/accessibilityassertion/index.html"><code>gmeow:AccessibilityAssertion</code></a> — Class</li>
<li><a href="../../terms/accessibilityfacet/index.html"><code>gmeow:AccessibilityFacet</code></a> — Class</li>
<li><a href="../../terms/accessibilitypolarity/index.html"><code>gmeow:AccessibilityPolarity</code></a> — Class</li>
<li><a href="../../terms/assertionfacet/index.html"><code>gmeow:assertionFacet</code></a> — Property</li>
<li><a href="../../terms/assertionfacetfunctionality/index.html"><code>gmeow:assertionFacetFunctionality</code></a> — Individual</li>
<li><a href="../../terms/assertionpolarity/index.html"><code>gmeow:assertionPolarity</code></a> — Property</li>
<li><a href="../../terms/assertionpolarityfunctionality/index.html"><code>gmeow:assertionPolarityFunctionality</code></a> — Individual</li>
<li><a href="../../terms/assertionsubject/index.html"><code>gmeow:assertionSubject</code></a> — Property</li>
<li><a href="../../terms/assertionsubjectfunctionality/index.html"><code>gmeow:assertionSubjectFunctionality</code></a> — Individual</li>
<li><a href="../../terms/hasaccessibilityfeature/index.html"><code>gmeow:hasAccessibilityFeature</code></a> — Property</li>
<li><a href="../../terms/hasaccessibilityneed/index.html"><code>gmeow:hasAccessibilityNeed</code></a> — Property</li>
<li><a href="../../terms/hasbarrier/index.html"><code>gmeow:hasBarrier</code></a> — Property</li>
</ul>
<h2>Linkages (14)</h2>
<table><thead><tr><th>Subject</th><th>Predicate</th><th>External object</th><th>Conf.</th></tr></thead><tbody>
<tr><td><a href="../../terms/accessibilityassertion/index.html"><code>gmeow:AccessibilityAssertion</code></a></td><td><code>http://www.w3.org/2004/02/skos/core#closeMatch</code></td><td><a href="http://www.w3.org/ns/sosa/Observation">http://www.w3.org/ns/sosa/Observation</a></td><td>0.70</td></tr>
<tr><td><code>gmeow:facetAuditory</code></td><td><code>http://www.w3.org/2004/02/skos/core#closeMatch</code></td><td><a href="http://hl7.org/fhir/sid/icf#b2">http://hl7.org/fhir/sid/icf#b2</a></td><td>0.80</td></tr>
<tr><td><code>gmeow:facetAuditory</code></td><td><code>http://www.w3.org/2004/02/skos/core#closeMatch</code></td><td><a href="http://hl7.org/fhir/sid/icf#e125">http://hl7.org/fhir/sid/icf#e125</a></td><td>0.80</td></tr>
<tr><td><code>gmeow:facetClearance</code></td><td><code>http://www.w3.org/2004/02/skos/core#closeMatch</code></td><td><a href="http://hl7.org/fhir/sid/icf#d4">http://hl7.org/fhir/sid/icf#d4</a></td><td>0.70</td></tr>
<tr><td><code>gmeow:facetCognitive</code></td><td><code>http://www.w3.org/2004/02/skos/core#closeMatch</code></td><td><a href="http://hl7.org/fhir/sid/icf#b1">http://hl7.org/fhir/sid/icf#b1</a></td><td>0.80</td></tr>
<tr><td><code>gmeow:facetCognitive</code></td><td><code>http://www.w3.org/2004/02/skos/core#closeMatch</code></td><td><a href="http://hl7.org/fhir/sid/icf#e140">http://hl7.org/fhir/sid/icf#e140</a></td><td>0.70</td></tr>
<tr><td><code>gmeow:facetLifeSupport</code></td><td><code>http://www.w3.org/2004/02/skos/core#closeMatch</code></td><td><a href="http://hl7.org/fhir/sid/icf#e5">http://hl7.org/fhir/sid/icf#e5</a></td><td>0.70</td></tr>
<tr><td><code>gmeow:facetStepFree</code></td><td><code>http://www.w3.org/2004/02/skos/core#closeMatch</code></td><td><a href="http://hl7.org/fhir/sid/icf#d4">http://hl7.org/fhir/sid/icf#d4</a></td><td>0.80</td></tr>
<tr><td><code>gmeow:facetVisual</code></td><td><code>http://www.w3.org/2004/02/skos/core#closeMatch</code></td><td><a href="http://hl7.org/fhir/sid/icf#b2">http://hl7.org/fhir/sid/icf#b2</a></td><td>0.80</td></tr>
<tr><td><code>gmeow:facetVisual</code></td><td><code>http://www.w3.org/2004/02/skos/core#closeMatch</code></td><td><a href="http://hl7.org/fhir/sid/icf#e135">http://hl7.org/fhir/sid/icf#e135</a></td><td>0.80</td></tr>
<tr><td><code>gmeow:facetWheelchair</code></td><td><code>http://www.w3.org/2004/02/skos/core#closeMatch</code></td><td><a href="http://hl7.org/fhir/sid/icf#d4">http://hl7.org/fhir/sid/icf#d4</a></td><td>0.80</td></tr>
<tr><td><code>gmeow:facetWheelchair</code></td><td><code>http://www.w3.org/2004/02/skos/core#closeMatch</code></td><td><a href="http://hl7.org/fhir/sid/icf#e115">http://hl7.org/fhir/sid/icf#e115</a></td><td>0.80</td></tr>
<tr><td><a href="../../terms/hasaccessibilityfeature/index.html"><code>gmeow:hasAccessibilityFeature</code></a></td><td><code>http://www.w3.org/2004/02/skos/core#closeMatch</code></td><td><a href="https://schema.org/accessibilityFeature">https://schema.org/accessibilityFeature</a></td><td>0.80</td></tr>
<tr><td><a href="../../terms/hasbarrier/index.html"><code>gmeow:hasBarrier</code></a></td><td><code>http://www.w3.org/2004/02/skos/core#closeMatch</code></td><td><a href="https://schema.org/accessibilityHazard">https://schema.org/accessibilityHazard</a></td><td>0.75</td></tr>
</tbody></table>
<h2>Examples (1)</h2>
<h3>Location Access</h3>
<p><code>examples/location-access.ttl</code></p>
<pre><code class="language-turtle"># SPDX-FileCopyrightText: 2026 Blackcat Informatics® Inc. &lt;paudley@blackcatinformatics.ca&gt;
# SPDX-License-Identifier: CC-BY-4.0
#
# Worked example: accessibility as MATCHABLE facets. One open vocabulary of
# gmeow:AccessibilityFacets (wheelchair, step-free, visual, auditory, cognitive …)
# is used across three relations: what a location HAS
# (gmeow:hasAccessibilityFeature), what it lacks as a gmeow:hasBarrier, and what an
# agent NEEDS (gmeow:hasAccessibilityNeed). Because need and feature draw on the
# same vocabulary, "Dana needs wheelchair access" and "the library has wheelchair
# access" MATCH directly. A reified gmeow:AccessibilityAssertion records who
# claims which facet, with a gmeow:assertionPolarity (feature / barrier / limited).
@prefix gmeow: &lt;https://blackcatinformatics.ca/gmeow/&gt; .
@prefix ex:    &lt;https://blackcatinformatics.ca/gmeow/examples/accessibility/&gt; .

# --- A location with a feature and a barrier (facets are per-location facts).
ex:library a gmeow:Place ;
    gmeow:name                    "City Library"@x-gmeow-english ;
    gmeow:hasAccessibilityFeature gmeow:facetWheelchair ;
    gmeow:hasBarrier              gmeow:facetVisual .

# --- An agent's need, drawn from the SAME facet vocabulary → directly matchable
#     against the library's feature.
ex:dana a gmeow:Person ;
    gmeow:name               "Dana Reyes"@x-gmeow-english ;
    gmeow:hasAccessibilityNeed gmeow:facetWheelchair .

# --- A reified assertion: a surveyor claims the library is step-free (a feature).
ex:assertion a gmeow:AccessibilityAssertion ;
    gmeow:assertionSubject  ex:library ;
    gmeow:assertionFacet    gmeow:facetStepFree ;
    gmeow:assertionPolarity gmeow:polarityFeature .
</code></pre>
<hr />
<p><strong>Provenance:</strong> this page ← <code>stage-docs-render</code> ← <code>stage-compile-logic</code> ← <code>stage-source-load</code>
Rendered from <code>gmeow.gts</code> by the dogfooded build pipeline.</p>

    </main>
  </div>
  <footer class="site-footer">
    <p>GMEOW Ontology Documentation · version 17 · generated by gmeow-docs.</p>
  </footer>
</body>
</html>
