---
source: crates/docs/tests/render_golden.rs
expression: head
---
# Slices

73 compilation unit(s).

| Slice | Tier | IRI |
| --- | --- | --- |
| [GMEOW Accessibility Module](accessibility/index.md) | Extension | `https://blackcatinformatics.ca/gmeow/slices/accessibility` |
| [GMEOW Accounts Module](accounts/index.md) | Core | `https://blackcatinformatics.ca/gmeow/slices/accounts` |
