---
source: crates/docs/tests/render_golden.rs
expression: "format!(\"{header}\\n---\\n{sample}\")"
---
# GMEOW Ontology Documentation
# version: 2
# terms: 2142  slices: 73  concerns: 7  linkages: 1381

---
gmeow:AboutnessMode — Aboutness Mode: The rhetorical relation between an information carrier and its subject matter — whether the carrier describes the subject (mention: reporting, quoting, depicting, analyzing) or enacts it (use: performing, demanding, exemplifying, embodying). A value vocabulary of individuals (never subclasses). Orthogonal to granularity, determinacy, sensitivity, confidence, and standpoint modality (Principle 9): a carrier may describe one subject while enacting another, and distinct vantages may classify the same carrier differently through the statement layer. The distinction every rubric, citation, and evidence assessment eventually needs: text ABOUT deception is not text THAT deceives. (Class, kernel)
